Archive member included to satisfy reference by file (symbol)

app/libapp.a(main.c.obj)      (--whole-archive)
app/libapp.a(uart_hci.c.obj)  (--whole-archive)
app/libapp.a(led_acu.c.obj)   (--whole-archive)
app/libapp.a(shell_acu.c.obj)
                              (--whole-archive)
app/libapp.a(bt_ahu.c.obj)    (--whole-archive)
zephyr/libzephyr.a(getopt.c.obj)
                              (--whole-archive)
zephyr/libzephyr.a(getopt_common.c.obj)
                              (--whole-archive)
zephyr/libzephyr.a(heap.c.obj)
                              (--whole-archive)
zephyr/libzephyr.a(cbprintf_packaged.c.obj)
                              (--whole-archive)
zephyr/libzephyr.a(printk.c.obj)
                              (--whole-archive)
zephyr/libzephyr.a(sem.c.obj)
                              (--whole-archive)
zephyr/libzephyr.a(thread_entry.c.obj)
                              (--whole-archive)
zephyr/libzephyr.a(cbprintf_complete.c.obj)
                              (--whole-archive)
zephyr/libzephyr.a(assert.c.obj)
                              (--whole-archive)
zephyr/libzephyr.a(mpsc_pbuf.c.obj)
                              (--whole-archive)
zephyr/libzephyr.a(dec.c.obj)
                              (--whole-archive)
zephyr/libzephyr.a(hex.c.obj)
                              (--whole-archive)
zephyr/libzephyr.a(rb.c.obj)  (--whole-archive)
zephyr/libzephyr.a(timeutil.c.obj)
                              (--whole-archive)
zephyr/libzephyr.a(bitarray.c.obj)
                              (--whole-archive)
zephyr/libzephyr.a(onoff.c.obj)
                              (--whole-archive)
zephyr/libzephyr.a(notify.c.obj)
                              (--whole-archive)
zephyr/libzephyr.a(json.c.obj)
                              (--whole-archive)
zephyr/libzephyr.a(ring_buffer.c.obj)
                              (--whole-archive)
zephyr/libzephyr.a(configs.c.obj)
                              (--whole-archive)
zephyr/libzephyr.a(log_core.c.obj)
                              (--whole-archive)
zephyr/libzephyr.a(log_mgmt.c.obj)
                              (--whole-archive)
zephyr/libzephyr.a(log_cache.c.obj)
                              (--whole-archive)
zephyr/libzephyr.a(log_msg.c.obj)
                              (--whole-archive)
zephyr/libzephyr.a(log_output.c.obj)
                              (--whole-archive)
zephyr/libzephyr.a(log_backend_rtt.c.obj)
                              (--whole-archive)
zephyr/libzephyr.a(mem_attr.c.obj)
                              (--whole-archive)
zephyr/libzephyr.a(tracing_none.c.obj)
                              (--whole-archive)
zephyr/libzephyr.a(addr_utils.c.obj)
                              (--whole-archive)
zephyr/libzephyr.a(kernel_service.c.obj)
                              (--whole-archive)
zephyr/libzephyr.a(device_service.c.obj)
                              (--whole-archive)
zephyr/libzephyr.a(devmem_service.c.obj)
                              (--whole-archive)
zephyr/libzephyr.a(shell_uart.c.obj)
                              (--whole-archive)
zephyr/libzephyr.a(shell.c.obj)
                              (--whole-archive)
zephyr/libzephyr.a(shell_fprintf.c.obj)
                              (--whole-archive)
zephyr/libzephyr.a(shell_utils.c.obj)
                              (--whole-archive)
zephyr/libzephyr.a(shell_ops.c.obj)
                              (--whole-archive)
zephyr/libzephyr.a(shell_log_backend.c.obj)
                              (--whole-archive)
zephyr/libzephyr.a(shell_help.c.obj)
                              (--whole-archive)
zephyr/libzephyr.a(shell_cmds.c.obj)
                              (--whole-archive)
zephyr/libzephyr.a(shell_history.c.obj)
                              (--whole-archive)
zephyr/libzephyr.a(shell_wildcard.c.obj)
                              (--whole-archive)
zephyr/arch/common/libarch__common.a(sw_isr_common.c.obj)
                              (--whole-archive)
zephyr/arch/arch/arm/core/libarch__arm__core.a(fatal.c.obj)
                              (--whole-archive)
zephyr/arch/arch/arm/core/libarch__arm__core.a(nmi.c.obj)
                              (--whole-archive)
zephyr/arch/arch/arm/core/libarch__arm__core.a(nmi_on_reset.S.obj)
                              (--whole-archive)
zephyr/arch/arch/arm/core/libarch__arm__core.a(tls.c.obj)
                              (--whole-archive)
zephyr/arch/arch/arm/core/cortex_m/libarch__arm__core__cortex_m.a(exc_exit.S.obj)
                              (--whole-archive)
zephyr/arch/arch/arm/core/cortex_m/libarch__arm__core__cortex_m.a(fault.c.obj)
                              (--whole-archive)
zephyr/arch/arch/arm/core/cortex_m/libarch__arm__core__cortex_m.a(fault_s.S.obj)
                              (--whole-archive)
zephyr/arch/arch/arm/core/cortex_m/libarch__arm__core__cortex_m.a(fpu.c.obj)
                              (--whole-archive)
zephyr/arch/arch/arm/core/cortex_m/libarch__arm__core__cortex_m.a(reset.S.obj)
[...]
Memory Configuration

Name             Origin             Length             Attributes
FLASH            0x0000000000000000 0x0000000000100000 xr
RAM              0x0000000020000000 0x0000000000040000 xw
IDT_LIST         0x00000000ffff7fff 0x0000000000008000 xw
*default*        0x0000000000000000 0xffffffffffffffff

Linker script and memory map

                0x000000000000e640                vfprintf = __d_vfprintf
                0x0000000000000000                vfscanf = __d_vfscanf
LOAD zephyr/CMakeFiles/zephyr_final.dir/misc/empty_file.c.obj
LOAD zephyr/CMakeFiles/zephyr_final.dir/isr_tables.c.obj
LOAD zephyr/CMakeFiles/offsets.dir/./arch/arm/core/offsets/offsets.c.obj
LOAD app/libapp.a
LOAD zephyr/libzephyr.a
LOAD zephyr/arch/common/libarch__common.a
LOAD zephyr/arch/arch/arm/core/libarch__arm__core.a
LOAD zephyr/arch/arch/arm/core/cortex_m/libarch__arm__core__cortex_m.a
LOAD zephyr/arch/arch/arm/core/mpu/libarch__arm__core__mpu.a
LOAD zephyr/lib/libc/picolibc/liblib__libc__picolibc.a
LOAD zephyr/lib/libc/common/liblib__libc__common.a
LOAD zephyr/lib/posix/options/liblib__posix__options.a
LOAD zephyr/soc/soc/nrf52840/libsoc__nordic.a
LOAD zephyr/subsys/random/libsubsys__random.a
LOAD zephyr/subsys/bluetooth/common/libsubsys__bluetooth__common.a
LOAD zephyr/subsys/bluetooth/host/libsubsys__bluetooth__host.a
LOAD zephyr/subsys/bluetooth/controller/libsubsys__bluetooth__controller.a
LOAD zephyr/subsys/bluetooth/controller/ll_sw/nordic/libsubsys__bluetooth__controller__ll_sw__nordic.a
LOAD zephyr/subsys/net/libsubsys__net.a
LOAD zephyr/subsys/timing/libsubsys__timing.a
LOAD zephyr/drivers/clock_control/libdrivers__clock_control.a
LOAD zephyr/drivers/console/libdrivers__console.a
LOAD zephyr/drivers/entropy/libdrivers__entropy.a
LOAD zephyr/drivers/gpio/libdrivers__gpio.a
LOAD zephyr/drivers/pinctrl/libdrivers__pinctrl.a
LOAD zephyr/drivers/serial/libdrivers__serial.a
LOAD zephyr/drivers/timer/libdrivers__timer.a
LOAD modules/hal_nordic/nrfx/libmodules__hal_nordic__nrfx.a
LOAD modules/segger/libmodules__segger.a
LOAD zephyr/kernel/libkernel.a
LOAD /Users/j/zephyr_install/zephyr-sdk-0.16.5/arm-zephyr-eabi/bin/../lib/gcc/arm-zephyr-eabi/12.2.0/thumb/v7e-m/nofp/libgcc.a
LOAD zephyr/arch/common/libisr_tables.a
LOAD /Users/j/zephyr_install/zephyr-sdk-0.16.5/arm-zephyr-eabi/bin/../lib/gcc/../../picolibc/arm-zephyr-eabi/lib/thumb/v7e-m/nofp/libc.a
LOAD /Users/j/zephyr_install/zephyr-sdk-0.16.5/arm-zephyr-eabi/bin/../lib/gcc/arm-zephyr-eabi/12.2.0/thumb/v7e-m/nofp/libgcc.a
                0x0000000000000020                _region_min_align = 0x20

.rel.plt        0x0000000000000000        0x0
 *(SORT_BY_ALIGNMENT(.rel.plt))
                [!provide]                        PROVIDE (__rel_iplt_start = .)
 *(SORT_BY_ALIGNMENT(.rel.iplt))
 .rel.iplt      0x0000000000000000        0x0 zephyr/CMakeFiles/zephyr_final.dir/isr_tables.c.obj
                [!provide]                        PROVIDE (__rel_iplt_end = .)

.rela.plt       0x0000000000000000        0x0
 *(SORT_BY_ALIGNMENT(.rela.plt))
                [!provide]                        PROVIDE (__rela_iplt_start = .)
 *(SORT_BY_ALIGNMENT(.rela.iplt))
                [!provide]                        PROVIDE (__rela_iplt_end = .)

.rel.dyn
 *(SORT_BY_ALIGNMENT(.rel.*))

.rela.dyn
 *(SORT_BY_ALIGNMENT(.rela.*))

/DISCARD/
 *(SORT_BY_ALIGNMENT(.plt))

/DISCARD/
 *(SORT_BY_ALIGNMENT(.iplt))
                0x0000000000000000                __rom_region_start = 0x0

rom_start       0x0000000000000000      0x100
                0x0000000000000000                __rom_start_address = .
 FILL mask 0x00
                0x0000000000000000                . = (. + (0x0 - (. - __rom_start_address)))
                0x0000000000000000                . = ALIGN (0x4)
                0x0000000000000000                . = ALIGN (0x80)
                0x0000000000000000                . = ALIGN (0x100)
                0x0000000000000000                _vector_start = .
 *(SORT_BY_ALIGNMENT(.exc_vector_table))
 *(SORT_BY_ALIGNMENT(.exc_vector_table.*))
 .exc_vector_table._vector_table_section
                0x0000000000000000       0x40 zephyr/arch/arch/arm/core/cortex_m/libarch__arm__core__cortex_m.a(vector_table.S.obj)
                0x0000000000000000                _vector_table
 *(SORT_BY_ALIGNMENT(.vectors))
                0x0000000000000100                _vector_end = .
                0x0000000000000040                . = ALIGN (0x4)
 *(SORT_BY_ALIGNMENT(.gnu.linkonce.irq_vector_table*))
 .gnu.linkonce.irq_vector_table
                0x0000000000000040       0xc0 zephyr/CMakeFiles/zephyr_final.dir/isr_tables.c.obj
                0x0000000000000040                _irq_vector_table
                0x0000000000000100                _vector_end = .

text            0x0000000000000100    0x13d24
                0x0000000000000100                __text_region_start = .
 *(SORT_BY_ALIGNMENT(.text))
 .text          0x0000000000000100       0xa0 /Users/j/zephyr_install/zephyr-sdk-0.16.5/arm-zephyr-eabi/bin/../lib/gcc/arm-zephyr-eabi/12.2.0/thumb/v7e-m/nofp/libgcc.a(_aeabi_ldivmod.o)
                0x0000000000000100                __aeabi_ldivmod
 .text          0x00000000000001a0       0x30 /Users/j/zephyr_install/zephyr-sdk-0.16.5/arm-zephyr-eabi/bin/../lib/gcc/arm-zephyr-eabi/12.2.0/thumb/v7e-m/nofp/libgcc.a(_aeabi_uldivmod.o)
                0x00000000000001a0                __aeabi_uldivmod
 .text          0x00000000000001d0        0x4 /Users/j/zephyr_install/zephyr-sdk-0.16.5/arm-zephyr-eabi/bin/../lib/gcc/arm-zephyr-eabi/12.2.0/thumb/v7e-m/nofp/libgcc.a(_dvmd_tls.o)
                0x00000000000001d0                __aeabi_ldiv0
                0x00000000000001d0                __aeabi_idiv0
 .text          0x00000000000001d4      0x2a0 /Users/j/zephyr_install/zephyr-sdk-0.16.5/arm-zephyr-eabi/bin/../lib/gcc/arm-zephyr-eabi/12.2.0/thumb/v7e-m/nofp/libgcc.a(_udivmoddi4.o)
                0x00000000000001d4                __udivmoddi4
 .text          0x0000000000000474       0x14 /Users/j/zephyr_install/zephyr-sdk-0.16.5/arm-zephyr-eabi/bin/../lib/gcc/../../picolibc/arm-zephyr-eabi/lib/thumb/v7e-m/nofp/libc.a(strcmp.S.o)
                0x0000000000000474                strcmp
 .text          0x0000000000000488       0x10 /Users/j/zephyr_install/zephyr-sdk-0.16.5/arm-zephyr-eabi/bin/../lib/gcc/../../picolibc/arm-zephyr-eabi/lib/thumb/v7e-m/nofp/libc.a(strcpy.S.o)
                0x0000000000000488                strcpy
 .text          0x0000000000000498       0x10 /Users/j/zephyr_install/zephyr-sdk-0.16.5/arm-zephyr-eabi/bin/../lib/gcc/../../picolibc/arm-zephyr-eabi/lib/thumb/v7e-m/nofp/libc.a(strlen.S.o)
                0x0000000000000498                strlen
 *(SORT_BY_ALIGNMENT(.text.*))
 .text.cmd_kernel_uptime
                0x00000000000004a8       0xf0 zephyr/libzephyr.a(kernel_service.c.obj)
 .text.ull_scan_enable
                0x0000000000000598      0x120 zephyr/subsys/bluetooth/controller/libsubsys__bluetooth__controller.a(ull_scan.c.obj)
                0x0000000000000598                ull_scan_enable
 .text.ll_scan_params_set
                0x00000000000006b8       0x74 zephyr/subsys/bluetooth/controller/libsubsys__bluetooth__controller.a(ull_scan.c.obj)
                0x00000000000006b8                ll_scan_params_set
 *fill*         0x000000000000072c        0x4 
 .text.common_prepare_cb
                0x0000000000000730      0x1fc zephyr/subsys/bluetooth/controller/ll_sw/nordic/libsubsys__bluetooth__controller__ll_sw__nordic.a(lll_scan.c.obj)
 .text.thingy_found
                0x000000000000092c       0x50 app/libapp.a(main.c.obj)
                0x000000000000092c                thingy_found
 .text.k_poll_signal_raise.constprop.0.isra.0
                0x000000000000097c        0xc app/libapp.a(main.c.obj)
 .text.add_beacon_handler
                0x0000000000000988       0xa8 app/libapp.a(main.c.obj)
                0x0000000000000988                add_beacon_handler
 .text.rem_beacon_handler
                0x0000000000000a30       0xa8 app/libapp.a(main.c.obj)
                0x0000000000000a30                rem_beacon_handler
 .text.view_node_handler
                0x0000000000000ad8       0xb8 app/libapp.a(main.c.obj)
                0x0000000000000ad8                view_node_handler
 .text.start_scanning
                0x0000000000000b90       0x58 app/libapp.a(main.c.obj)
                0x0000000000000b90                start_scanning
 .text.bt_scan_ahu
                0x0000000000000be8       0x98 app/libapp.a(main.c.obj)
                0x0000000000000be8                bt_scan_ahu
 .text.init_beacon_list
                0x0000000000000c80       0x10 app/libapp.a(main.c.obj)
                0x0000000000000c80                init_beacon_list
 .text.add_beacon_node
                0x0000000000000c90       0x20 app/libapp.a(main.c.obj)
                0x0000000000000c90                add_beacon_node
 .text.find_beacon_node
                0x0000000000000cb0       0x24 app/libapp.a(main.c.obj)
                0x0000000000000cb0                find_beacon_node
 .text.json_task
                0x0000000000000cd4      0x5ec app/libapp.a(main.c.obj)
                0x0000000000000cd4                json_task
 .text.getopt   0x00000000000012c0       0xf8 zephyr/libzephyr.a(getopt.c.obj)
                0x00000000000012c0                getopt
 .text.z_getopt_global_state_update
                0x00000000000013b8       0x34 zephyr/libzephyr.a(getopt_common.c.obj)
                0x00000000000013b8                z_getopt_global_state_update
 .text.getopt_state_get
                0x00000000000013ec        0x8 zephyr/libzephyr.a(getopt_common.c.obj)
                0x00000000000013ec                getopt_state_get
 .text.cbvprintf_package
                0x00000000000013f4      0x3a4 zephyr/libzephyr.a(cbprintf_packaged.c.obj)
                0x00000000000013f4                cbvprintf_package
 .text.cbprintf_package_convert
                0x0000000000001798      0x3c0 zephyr/libzephyr.a(cbprintf_packaged.c.obj)
                0x0000000000001798                cbprintf_package_convert
 .text.__printk_hook_install
                0x0000000000001b58        0xc zephyr/libzephyr.a(printk.c.obj)
                0x0000000000001b58                __printk_hook_install
 .text.z_thread_entry
                0x0000000000001b64       0x34 zephyr/libzephyr.a(thread_entry.c.obj)
                0x0000000000001b64                z_thread_entry
 .text.process_event
                0x0000000000001b98      0x21c zephyr/libzephyr.a(onoff.c.obj)
 .text.activate_foreach_backend
                0x0000000000001db4       0x64 zephyr/libzephyr.a(log_core.c.obj)
 .text.enable_logger
                0x0000000000001e18       0x5c zephyr/libzephyr.a(log_core.c.obj)
 .text.log_process_thread_timer_expiry_fn
                0x0000000000001e74        0xc zephyr/libzephyr.a(log_core.c.obj)
 .text.z_log_init
                0x0000000000001e80       0x90 zephyr/libzephyr.a(log_core.c.obj)
 .text.log_format_func_t_get
                0x0000000000001f10        0xc zephyr/libzephyr.a(log_core.c.obj)
                0x0000000000001f10                log_format_func_t_get
 .text.log_set_timestamp_func
                0x0000000000001f1c       0x20 zephyr/libzephyr.a(log_core.c.obj)
                0x0000000000001f1c                log_set_timestamp_func
 .text.z_log_notify_backend_enabled
                0x0000000000001f3c       0x1c zephyr/libzephyr.a(log_core.c.obj)
                0x0000000000001f3c                z_log_notify_backend_enabled
 .text.z_log_dropped
                0x0000000000001f58       0x30 zephyr/libzephyr.a(log_core.c.obj)
                0x0000000000001f58                z_log_dropped
 .text.z_log_dropped_read_and_clear
                0x0000000000001f88       0x20 zephyr/libzephyr.a(log_core.c.obj)
                0x0000000000001f88                z_log_dropped_read_and_clear
 .text.dropped_notify
                0x0000000000001fa8       0x30 zephyr/libzephyr.a(log_core.c.obj)
                0x0000000000001fa8                dropped_notify
 .text.z_log_msg_init
                0x0000000000001fd8       0x20 zephyr/libzephyr.a(log_core.c.obj)
                0x0000000000001fd8                z_log_msg_init
 .text.log_core_init
                0x0000000000001ff8       0x34 zephyr/libzephyr.a(log_core.c.obj)
                0x0000000000001ff8                log_core_init
 .text.z_log_msg_alloc
                0x000000000000202c       0x10 zephyr/libzephyr.a(log_core.c.obj)
                0x000000000000202c                z_log_msg_alloc
 .text.z_log_msg_local_claim
                0x000000000000203c        0xc zephyr/libzephyr.a(log_core.c.obj)
                0x000000000000203c                z_log_msg_local_claim
 .text.z_log_msg_free
                0x0000000000002048       0x10 zephyr/libzephyr.a(log_core.c.obj)
                0x0000000000002048                z_log_msg_free
 .text.z_log_msg_pending
                0x0000000000002058        0xc zephyr/libzephyr.a(log_core.c.obj)
                0x0000000000002058                z_log_msg_pending
 .text.z_impl_log_process
                0x0000000000002064       0xbc zephyr/libzephyr.a(log_core.c.obj)
                0x0000000000002064                z_impl_log_process
 .text.z_impl_log_panic
                0x0000000000002120       0x44 zephyr/libzephyr.a(log_core.c.obj)
                0x0000000000002120                z_impl_log_panic
 .text.log_process_thread_func
                0x0000000000002164       0xa4 zephyr/libzephyr.a(log_core.c.obj)
 .text.z_log_msg_post_finalize
                0x0000000000002208       0x78 zephyr/libzephyr.a(log_core.c.obj)
 .text.z_log_msg_commit
                0x0000000000002280       0x24 zephyr/libzephyr.a(log_core.c.obj)
                0x0000000000002280                z_log_msg_commit
 .text.log_source_name_get
                0x00000000000022a4       0x1c zephyr/libzephyr.a(log_mgmt.c.obj)
                0x00000000000022a4                log_source_name_get
 .text.log_backend_enable
                0x00000000000022c0       0x28 zephyr/libzephyr.a(log_mgmt.c.obj)
                0x00000000000022c0                log_backend_enable
 .text.z_impl_z_log_msg_static_create
                0x00000000000022e8      0x108 zephyr/libzephyr.a(log_msg.c.obj)
                0x00000000000022e8                z_impl_z_log_msg_static_create
 .text.z_log_msg_runtime_vcreate
                0x00000000000023f0       0x8c zephyr/libzephyr.a(log_msg.c.obj)
                0x00000000000023f0                z_log_msg_runtime_vcreate
 .text.print_formatted
                0x000000000000247c       0x24 zephyr/libzephyr.a(log_output.c.obj)
 .text.newline_print
                0x00000000000024a0       0x1c zephyr/libzephyr.a(log_output.c.obj)
 .text.log_output_process
                0x00000000000024bc      0x2d4 zephyr/libzephyr.a(log_output.c.obj)
                0x00000000000024bc                log_output_process
 .text.log_output_msg_process
                0x0000000000002790       0x70 zephyr/libzephyr.a(log_output.c.obj)
                0x0000000000002790                log_output_msg_process
 .text.log_output_dropped_process
                0x0000000000002800       0x58 zephyr/libzephyr.a(log_output.c.obj)
                0x0000000000002800                log_output_dropped_process
 .text.log_output_timestamp_freq_set
                0x0000000000002858       0x2c zephyr/libzephyr.a(log_output.c.obj)
                0x0000000000002858                log_output_timestamp_freq_set
 .text.log_backend_rtt_init
                0x0000000000002884        0xc zephyr/libzephyr.a(log_backend_rtt.c.obj)
 .text.format_set
                0x0000000000002890        0xc zephyr/libzephyr.a(log_backend_rtt.c.obj)
 .text.panic    0x000000000000289c       0x14 zephyr/libzephyr.a(log_backend_rtt.c.obj)
 .text.dropped  0x00000000000028b0        0xc zephyr/libzephyr.a(log_backend_rtt.c.obj)
 .text.process  0x00000000000028bc       0x24 zephyr/libzephyr.a(log_backend_rtt.c.obj)
 .text.on_failed_write
                0x00000000000028e0       0x28 zephyr/libzephyr.a(log_backend_rtt.c.obj)
 .text.data_out_block_mode
                0x0000000000002908       0x84 zephyr/libzephyr.a(log_backend_rtt.c.obj)
 .text.mem_attr_get_regions
                0x000000000000298c        0xc zephyr/libzephyr.a(mem_attr.c.obj)
                0x000000000000298c                mem_attr_get_regions
 .text.cmd_kernel_version
                0x0000000000002998       0x18 zephyr/libzephyr.a(kernel_service.c.obj)
 .text.cmd_kernel_threads
                0x00000000000029b0       0x38 zephyr/libzephyr.a(kernel_service.c.obj)
 .text.shell_tdata_dump
                0x00000000000029e8      0x120 zephyr/libzephyr.a(kernel_service.c.obj)
 .text.cmd_kernel_stacks
                0x0000000000002b08       0x74 zephyr/libzephyr.a(kernel_service.c.obj)
 .text.cmd_kernel_cycles
                0x0000000000002b7c       0x1c zephyr/libzephyr.a(kernel_service.c.obj)
 .text.cmd_kernel_sleep
                0x0000000000002b98       0x54 zephyr/libzephyr.a(kernel_service.c.obj)
 .text.shell_stack_dump
                0x0000000000002bec       0x64 zephyr/libzephyr.a(kernel_service.c.obj)
 .text.cmd_device_list
                0x0000000000002c50       0x8c zephyr/libzephyr.a(device_service.c.obj)
 .text.cmd_devmem
                0x0000000000002cdc       0xcc zephyr/libzephyr.a(devmem_service.c.obj)
 .text.cmd_dump
                0x0000000000002da8      0x190 zephyr/libzephyr.a(devmem_service.c.obj)
 .text.set_bypass.isra.0
                0x0000000000002f38       0x50 zephyr/libzephyr.a(devmem_service.c.obj)
 .text.bypass_cb
                0x0000000000002f88      0x118 zephyr/libzephyr.a(devmem_service.c.obj)
 .text.cmd_load
                0x00000000000030a0       0xd8 zephyr/libzephyr.a(devmem_service.c.obj)
 .text.enable_shell_uart
                0x0000000000003178       0x38 zephyr/libzephyr.a(shell_uart.c.obj)
 .text.init     0x00000000000031b0       0x60 zephyr/libzephyr.a(shell_uart.c.obj)
 .text.uart_callback
                0x0000000000003210       0xf8 zephyr/libzephyr.a(shell_uart.c.obj)
 .text.shell_internal_help_print
                0x0000000000003308       0x20 zephyr/libzephyr.a(shell.c.obj)
 .text.kill_handler
                0x0000000000003328       0x54 zephyr/libzephyr.a(shell.c.obj)
 .text.z_cursor_next_line_move.isra.0
                0x000000000000337c        0xc zephyr/libzephyr.a(shell.c.obj)
 .text.history_handle
                0x0000000000003388       0xac zephyr/libzephyr.a(shell.c.obj)
 .text.execute  0x0000000000003434      0x2c4 zephyr/libzephyr.a(shell.c.obj)
 .text.state_set.constprop.0
                0x00000000000036f8       0x4c zephyr/libzephyr.a(shell.c.obj)
 .text.shell_process
                0x0000000000003744      0x6b4 zephyr/libzephyr.a(shell.c.obj)
                0x0000000000003744                shell_process
 .text.shell_init
                0x0000000000003df8       0xf8 zephyr/libzephyr.a(shell.c.obj)
                0x0000000000003df8                shell_init
 .text.shell_start
                0x0000000000003ef0       0x70 zephyr/libzephyr.a(shell.c.obj)
                0x0000000000003ef0                shell_start
 .text.shell_thread
                0x0000000000003f60       0xd8 zephyr/libzephyr.a(shell.c.obj)
                0x0000000000003f60                shell_thread
 .text.cmd_help
                0x0000000000004038       0x4c zephyr/libzephyr.a(shell.c.obj)
 .text.shell_hexdump_line
                0x0000000000004084       0xe4 zephyr/libzephyr.a(shell.c.obj)
                0x0000000000004084                shell_hexdump_line
 .text.z_shell_fprintf_fmt
                0x0000000000004168       0x28 zephyr/libzephyr.a(shell_fprintf.c.obj)
                0x0000000000004168                z_shell_fprintf_fmt
 .text.z_shell_cmd_get
                0x0000000000004190       0x74 zephyr/libzephyr.a(shell_utils.c.obj)
                0x0000000000004190                z_shell_cmd_get
 .text.shell_strtoul
                0x0000000000004204       0x54 zephyr/libzephyr.a(shell_utils.c.obj)
                0x0000000000004204                shell_strtoul
 .text.z_clear_eos
                0x0000000000004258       0x18 zephyr/libzephyr.a(shell_ops.c.obj)
 .text.z_cursor_next_line_move.isra.0
                0x0000000000004270        0xc zephyr/libzephyr.a(shell_ops.c.obj)
 .text.z_shell_op_cursor_vert_move
                0x000000000000427c       0x2c zephyr/libzephyr.a(shell_ops.c.obj)
                0x000000000000427c                z_shell_op_cursor_vert_move
 .text.z_shell_op_cursor_horiz_move
                0x00000000000042a8       0x2c zephyr/libzephyr.a(shell_ops.c.obj)
                0x00000000000042a8                z_shell_op_cursor_horiz_move
 .text.z_shell_print_cmd
                0x00000000000042d4       0x78 zephyr/libzephyr.a(shell_ops.c.obj)
                0x00000000000042d4                z_shell_print_cmd
 .text.z_shell_vt100_color_set
                0x000000000000434c       0x40 zephyr/libzephyr.a(shell_ops.c.obj)
                0x000000000000434c                z_shell_vt100_color_set
 .text.z_shell_vt100_colors_restore
                0x000000000000438c       0x3c zephyr/libzephyr.a(shell_ops.c.obj)
                0x000000000000438c                z_shell_vt100_colors_restore
 .text.z_shell_op_word_remove
                0x00000000000043c8       0xc8 zephyr/libzephyr.a(shell_ops.c.obj)
                0x00000000000043c8                z_shell_op_word_remove
 .text.reprint_from_cursor
                0x0000000000004490       0x7c zephyr/libzephyr.a(shell_ops.c.obj)
 .text.z_shell_op_char_insert
                0x000000000000450c       0x70 zephyr/libzephyr.a(shell_ops.c.obj)
                0x000000000000450c                z_shell_op_char_insert
 .text.z_shell_print_prompt_and_cmd
                0x000000000000457c       0x30 zephyr/libzephyr.a(shell_ops.c.obj)
                0x000000000000457c                z_shell_print_prompt_and_cmd
 .text.z_cursor_next_line_move.isra.0
                0x00000000000045ac        0xc zephyr/libzephyr.a(shell_help.c.obj)
 .text.z_shell_help_subcmd_print
                0x00000000000045b8       0xb4 zephyr/libzephyr.a(shell_help.c.obj)
                0x00000000000045b8                z_shell_help_subcmd_print
 .text.z_shell_help_cmd_print
                0x000000000000466c       0x40 zephyr/libzephyr.a(shell_help.c.obj)
                0x000000000000466c                z_shell_help_cmd_print
 .text.z_shell_help_request
                0x00000000000046ac       0x28 zephyr/libzephyr.a(shell_help.c.obj)
                0x00000000000046ac                z_shell_help_request
 .text.cmd_resize_default
                0x00000000000046d4       0x2c zephyr/libzephyr.a(shell_cmds.c.obj)
 .text.cmd_shell_stats_show
                0x0000000000004700       0x18 zephyr/libzephyr.a(shell_cmds.c.obj)
 .text.cmd_backends
                0x0000000000004718       0x54 zephyr/libzephyr.a(shell_cmds.c.obj)
 .text.cmd_prompt_off
                0x000000000000476c       0x10 zephyr/libzephyr.a(shell_cmds.c.obj)
 .text.cmd_history
                0x000000000000477c       0x44 zephyr/libzephyr.a(shell_cmds.c.obj)
 .text.cmd_get_retval
                0x00000000000047c0       0x1c zephyr/libzephyr.a(shell_cmds.c.obj)
 .text.cmd_echo
                0x00000000000047dc       0x58 zephyr/libzephyr.a(shell_cmds.c.obj)
 .text.cmd_clear
                0x0000000000004834       0x34 zephyr/libzephyr.a(shell_cmds.c.obj)
 .text.cmd_resize
                0x0000000000004868      0x1a8 zephyr/libzephyr.a(shell_cmds.c.obj)
 .text.z_shell_wildcard_process
                0x0000000000004a10       0xe4 zephyr/libzephyr.a(shell_wildcard.c.obj)
                0x0000000000004a10                z_shell_wildcard_process
 .text.z_arm_fatal_error
                0x0000000000004af4       0xa0 zephyr/arch/arch/arm/core/libarch__arm__core.a(fatal.c.obj)
                0x0000000000004af4                z_arm_fatal_error
 .text.z_SysNmiOnReset
                0x0000000000004b94        0x8 zephyr/arch/arch/arm/core/libarch__arm__core.a(nmi_on_reset.S.obj)
                0x0000000000004b94                z_SysNmiOnReset
 .text.arch_tls_stack_setup
                0x0000000000004b9c       0x40 zephyr/arch/arch/arm/core/libarch__arm__core.a(tls.c.obj)
                0x0000000000004b9c                arch_tls_stack_setup
 .text._HandlerModeExit
                0x0000000000004bdc       0x1c zephyr/arch/arch/arm/core/cortex_m/libarch__arm__core__cortex_m.a(exc_exit.S.obj)
                0x0000000000004bdc                z_arm_exc_exit
                0x0000000000004bdc                z_arm_int_exit
 .text.bus_fault.constprop.0
                0x0000000000004bf8       0xd0 zephyr/arch/arch/arm/core/cortex_m/libarch__arm__core__cortex_m.a(fault.c.obj)
 .text.usage_fault.constprop.0
                0x0000000000004cc8       0xa8 zephyr/arch/arch/arm/core/cortex_m/libarch__arm__core__cortex_m.a(fault.c.obj)
 .text.mem_manage_fault
                0x0000000000004d70      0x104 zephyr/arch/arch/arm/core/cortex_m/libarch__arm__core__cortex_m.a(fault.c.obj)
 .text.z_arm_fault
                0x0000000000004e74      0x1d4 zephyr/arch/arch/arm/core/cortex_m/libarch__arm__core__cortex_m.a(fault.c.obj)
                0x0000000000004e74                z_arm_fault
 .text.z_arm_fault_init
                0x0000000000005048       0x10 zephyr/arch/arch/arm/core/cortex_m/libarch__arm__core__cortex_m.a(fault.c.obj)
                0x0000000000005048                z_arm_fault_init
 .text.__fault  0x0000000000005058       0x14 zephyr/arch/arch/arm/core/cortex_m/libarch__arm__core__cortex_m.a(fault_s.S.obj)
                0x0000000000005058                z_arm_bus_fault
                0x0000000000005058                z_arm_usage_fault
                0x0000000000005058                z_arm_mpu_fault
                0x0000000000005058                z_arm_exc_spurious
                0x0000000000005058                z_arm_debug_monitor
                0x0000000000005058                z_arm_hard_fault
 .text._reset_section
                0x000000000000506c       0x3c zephyr/arch/arch/arm/core/cortex_m/libarch__arm__core__cortex_m.a(reset.S.obj)
                0x000000000000506c                z_arm_reset
                0x000000000000506c                __start
 .text.z_impl_k_thread_abort
                0x00000000000050a8       0x2c zephyr/arch/arch/arm/core/cortex_m/libarch__arm__core__cortex_m.a(thread_abort.c.obj)
                0x00000000000050a8                z_impl_k_thread_abort
 .text.arch_swap
                0x00000000000050d4       0x34 zephyr/arch/arch/arm/core/cortex_m/libarch__arm__core__cortex_m.a(swap.c.obj)
                0x00000000000050d4                arch_swap
 .text.z_arm_pendsv
                0x0000000000005108       0x7c zephyr/arch/arch/arm/core/cortex_m/libarch__arm__core__cortex_m.a(swap_helper.S.obj)
                0x0000000000005108                z_arm_pendsv
 .text.z_arm_svc
                0x0000000000005184       0x20 zephyr/arch/arch/arm/core/cortex_m/libarch__arm__core__cortex_m.a(swap_helper.S.obj)
                0x0000000000005184                z_arm_svc
 .text.arch_irq_enable
                0x00000000000051a4       0x1c zephyr/arch/arch/arm/core/cortex_m/libarch__arm__core__cortex_m.a(irq_manage.c.obj)
                0x00000000000051a4                arch_irq_enable
 .text.arch_irq_disable
                0x00000000000051c0       0x28 zephyr/arch/arch/arm/core/cortex_m/libarch__arm__core__cortex_m.a(irq_manage.c.obj)
                0x00000000000051c0                arch_irq_disable
 .text.arch_irq_is_enabled
                0x00000000000051e8       0x1c zephyr/arch/arch/arm/core/cortex_m/libarch__arm__core__cortex_m.a(irq_manage.c.obj)
                0x00000000000051e8                arch_irq_is_enabled
 .text.z_arm_irq_priority_set
                0x0000000000005204       0x30 zephyr/arch/arch/arm/core/cortex_m/libarch__arm__core__cortex_m.a(irq_manage.c.obj)
                0x0000000000005204                z_arm_irq_priority_set
 .text.z_prep_c
                0x0000000000005234       0x48 zephyr/arch/arch/arm/core/cortex_m/libarch__arm__core__cortex_m.a(prep_c.c.obj)
                0x0000000000005234                z_prep_c
 .text.arch_new_thread
                0x000000000000527c       0x38 zephyr/arch/arch/arm/core/cortex_m/libarch__arm__core__cortex_m.a(thread.c.obj)
                0x000000000000527c                arch_new_thread
 .text.z_check_thread_stack_fail
                0x00000000000052b4       0x30 zephyr/arch/arch/arm/core/cortex_m/libarch__arm__core__cortex_m.a(thread.c.obj)
                0x00000000000052b4                z_check_thread_stack_fail
 .text.arch_switch_to_main_thread
                0x00000000000052e4       0x40 zephyr/arch/arch/arm/core/cortex_m/libarch__arm__core__cortex_m.a(thread.c.obj)
                0x00000000000052e4                arch_switch_to_main_thread
 .text.z_arm_cpu_idle_init
                0x0000000000005324        0xc zephyr/arch/arch/arm/core/cortex_m/libarch__arm__core__cortex_m.a(cpu_idle.S.obj)
                0x0000000000005324                z_arm_cpu_idle_init
 .text.arch_cpu_idle
                0x0000000000005330       0x1c zephyr/arch/arch/arm/core/cortex_m/libarch__arm__core__cortex_m.a(cpu_idle.S.obj)
                0x0000000000005330                arch_cpu_idle
 .text.arch_cpu_atomic_idle
                0x000000000000534c       0x18 zephyr/arch/arch/arm/core/cortex_m/libarch__arm__core__cortex_m.a(cpu_idle.S.obj)
                0x000000000000534c                arch_cpu_atomic_idle
 .text.z_arm_interrupt_init
                0x0000000000005364       0x18 zephyr/arch/arch/arm/core/cortex_m/libarch__arm__core__cortex_m.a(irq_init.c.obj)
                0x0000000000005364                z_arm_interrupt_init
 .text._isr_wrapper
                0x000000000000537c       0x28 zephyr/arch/arch/arm/core/cortex_m/libarch__arm__core__cortex_m.a(isr_wrapper.S.obj)
                0x000000000000537c                _isr_wrapper
 .text.arch_timing_init
                0x00000000000053a4       0x28 zephyr/arch/arch/arm/core/cortex_m/libarch__arm__core__cortex_m.a(timing.c.obj)
                0x00000000000053a4                arch_timing_init
 .text.arch_timing_start
                0x00000000000053cc       0x14 zephyr/arch/arch/arm/core/cortex_m/libarch__arm__core__cortex_m.a(timing.c.obj)
                0x00000000000053cc                arch_timing_start
 .text.arch_timing_counter_get
                0x00000000000053e0        0xc zephyr/arch/arch/arm/core/cortex_m/libarch__arm__core__cortex_m.a(timing.c.obj)
                0x00000000000053e0                arch_timing_counter_get
 .text.z_arm_configure_static_mpu_regions
                0x00000000000053ec       0x18 zephyr/arch/arch/arm/core/mpu/libarch__arm__core__mpu.a(arm_core_mpu.c.obj)
                0x00000000000053ec                z_arm_configure_static_mpu_regions
 .text.z_arm_configure_dynamic_mpu_regions
                0x0000000000005404       0x24 zephyr/arch/arch/arm/core/mpu/libarch__arm__core__mpu.a(arm_core_mpu.c.obj)
                0x0000000000005404                z_arm_configure_dynamic_mpu_regions
 .text.region_allocate_and_init
                0x0000000000005428       0x54 zephyr/arch/arch/arm/core/mpu/libarch__arm__core__mpu.a(arm_mpu.c.obj)
 .text.mpu_configure_regions
                0x000000000000547c       0x68 zephyr/arch/arch/arm/core/mpu/libarch__arm__core__mpu.a(arm_mpu.c.obj)
 .text.arm_core_mpu_enable
                0x00000000000054e4       0x18 zephyr/arch/arch/arm/core/mpu/libarch__arm__core__mpu.a(arm_mpu.c.obj)
                0x00000000000054e4                arm_core_mpu_enable
 .text.arm_core_mpu_disable
                0x00000000000054fc       0x14 zephyr/arch/arch/arm/core/mpu/libarch__arm__core__mpu.a(arm_mpu.c.obj)
                0x00000000000054fc                arm_core_mpu_disable
 .text.arm_core_mpu_configure_static_mpu_regions
                0x0000000000005510       0x14 zephyr/arch/arch/arm/core/mpu/libarch__arm__core__mpu.a(arm_mpu.c.obj)
                0x0000000000005510                arm_core_mpu_configure_static_mpu_regions
 .text.arm_core_mpu_configure_dynamic_mpu_regions
                0x0000000000005524       0x38 zephyr/arch/arch/arm/core/mpu/libarch__arm__core__mpu.a(arm_mpu.c.obj)
                0x0000000000005524                arm_core_mpu_configure_dynamic_mpu_regions
 .text.z_arm_mpu_init
                0x000000000000555c      0x180 zephyr/arch/arch/arm/core/mpu/libarch__arm__core__mpu.a(arm_mpu.c.obj)
                0x000000000000555c                z_arm_mpu_init
 .text.z_impl_zephyr_fputc
                0x00000000000056dc       0x10 zephyr/lib/libc/picolibc/liblib__libc__picolibc.a(libc-hooks.c.obj)
                0x00000000000056dc                z_impl_zephyr_fputc
 .text.__stdout_hook_install
                0x00000000000056ec       0x18 zephyr/lib/libc/picolibc/liblib__libc__picolibc.a(libc-hooks.c.obj)
                0x00000000000056ec                __stdout_hook_install
 .text.cbvprintf
                0x0000000000005704       0x38 zephyr/lib/libc/picolibc/liblib__libc__picolibc.a(libc-hooks.c.obj)
                0x0000000000005704                cbvprintf
 .text.malloc_prepare
                0x000000000000573c       0x24 zephyr/lib/libc/common/liblib__libc__common.a(malloc.c.obj)
 .text.nordicsemi_nrf52_init
                0x0000000000005760       0x44 zephyr/soc/soc/nrf52840/libsoc__nordic.a(soc.c.obj)
 .text.arch_busy_wait
                0x00000000000057a4       0x14 zephyr/soc/soc/nrf52840/libsoc__nordic.a(soc.c.obj)
                0x00000000000057a4                arch_busy_wait
 .text.z_arm_platform_init
                0x00000000000057b8        0x4 zephyr/soc/soc/nrf52840/libsoc__nordic.a(soc_nrf_common.S.obj)
                0x00000000000057b8                z_arm_platform_init
 .text.xoshiro128_initialize
                0x00000000000057bc       0x18 zephyr/subsys/random/libsubsys__random.a(random_xoshiro128.c.obj)
 .text.bt_hex   0x00000000000057d4       0x44 zephyr/subsys/bluetooth/common/libsubsys__bluetooth__common.a(bt_str.c.obj)
                0x00000000000057d4                bt_hex
 .text.bt_addr_le_str
                0x0000000000005818       0x7c zephyr/subsys/bluetooth/common/libsubsys__bluetooth__common.a(bt_str.c.obj)
                0x0000000000005818                bt_addr_le_str
 .text.bt_buf_get_rx
                0x0000000000005894       0x20 zephyr/subsys/bluetooth/host/libsubsys__bluetooth__host.a(buf.c.obj)
                0x0000000000005894                bt_buf_get_rx
 .text.bt_buf_get_evt
                0x00000000000058b4       0x30 zephyr/subsys/bluetooth/host/libsubsys__bluetooth__host.a(buf.c.obj)
                0x00000000000058b4                bt_buf_get_evt
 .text.hci_hardware_error
                0x00000000000058e4       0x24 zephyr/subsys/bluetooth/host/libsubsys__bluetooth__host.a(hci_core.c.obj)
 .text.rx_work_handler.part.0
                0x0000000000005908       0x30 zephyr/subsys/bluetooth/host/libsubsys__bluetooth__host.a(hci_core.c.obj)
 .text.handle_event.part.0
                0x0000000000005938       0x48 zephyr/subsys/bluetooth/host/libsubsys__bluetooth__host.a(hci_core.c.obj)
 .text.handle_event
                0x0000000000005980       0x50 zephyr/subsys/bluetooth/host/libsubsys__bluetooth__host.a(hci_core.c.obj)
 .text.rx_work_handler
                0x00000000000059d0       0xa0 zephyr/subsys/bluetooth/host/libsubsys__bluetooth__host.a(hci_core.c.obj)
 .text.hci_le_meta_event
                0x0000000000005a70       0x20 zephyr/subsys/bluetooth/host/libsubsys__bluetooth__host.a(hci_core.c.obj)
 .text.hci_cmd_done.part.0
                0x0000000000005a90      0x170 zephyr/subsys/bluetooth/host/libsubsys__bluetooth__host.a(hci_core.c.obj)
 .text.hci_cmd_status
                0x0000000000005c00       0x30 zephyr/subsys/bluetooth/host/libsubsys__bluetooth__host.a(hci_core.c.obj)
 .text.hci_cmd_complete
                0x0000000000005c30       0x50 zephyr/subsys/bluetooth/host/libsubsys__bluetooth__host.a(hci_core.c.obj)
 .text.bt_hci_cmd_state_set_init
                0x0000000000005c80       0x24 zephyr/subsys/bluetooth/host/libsubsys__bluetooth__host.a(hci_core.c.obj)
                0x0000000000005c80                bt_hci_cmd_state_set_init
 .text.bt_hci_cmd_create
                0x0000000000005ca4       0x74 zephyr/subsys/bluetooth/host/libsubsys__bluetooth__host.a(hci_core.c.obj)
                0x0000000000005ca4                bt_hci_cmd_create
 .text.bt_hci_cmd_send_sync
                0x0000000000005d18       0xf0 zephyr/subsys/bluetooth/host/libsubsys__bluetooth__host.a(hci_core.c.obj)
                0x0000000000005d18                bt_hci_cmd_send_sync
 .text.hci_init
                0x0000000000005e08      0x3ac zephyr/subsys/bluetooth/host/libsubsys__bluetooth__host.a(hci_core.c.obj)
 .text.bt_hci_le_rand
                0x00000000000061b4       0x58 zephyr/subsys/bluetooth/host/libsubsys__bluetooth__host.a(hci_core.c.obj)
                0x00000000000061b4                bt_hci_le_rand
 .text.bt_hci_get_ver_str
                0x000000000000620c       0x3c zephyr/subsys/bluetooth/host/libsubsys__bluetooth__host.a(hci_core.c.obj)
                0x000000000000620c                bt_hci_get_ver_str
 .text.bt_send  0x0000000000006248       0x10 zephyr/subsys/bluetooth/host/libsubsys__bluetooth__host.a(hci_core.c.obj)
                0x0000000000006248                bt_send
 .text.hci_tx_thread
                0x0000000000006258      0x138 zephyr/subsys/bluetooth/host/libsubsys__bluetooth__host.a(hci_core.c.obj)
 .text.hci_event_prio
                0x0000000000006390       0xa8 zephyr/subsys/bluetooth/host/libsubsys__bluetooth__host.a(hci_core.c.obj)
                0x0000000000006390                hci_event_prio
 .text.bt_recv  0x0000000000006438       0x74 zephyr/subsys/bluetooth/host/libsubsys__bluetooth__host.a(hci_core.c.obj)
                0x0000000000006438                bt_recv
 .text.bt_hci_driver_register
                0x00000000000064ac       0x28 zephyr/subsys/bluetooth/host/libsubsys__bluetooth__host.a(hci_core.c.obj)
                0x00000000000064ac                bt_hci_driver_register
 .text.bt_finalize_init
                0x00000000000064d4      0x158 zephyr/subsys/bluetooth/host/libsubsys__bluetooth__host.a(hci_core.c.obj)
                0x00000000000064d4                bt_finalize_init
 .text.init_work
                0x000000000000662c       0x24 zephyr/subsys/bluetooth/host/libsubsys__bluetooth__host.a(hci_core.c.obj)
 .text.bt_enable
                0x0000000000006650      0x12c zephyr/subsys/bluetooth/host/libsubsys__bluetooth__host.a(hci_core.c.obj)
                0x0000000000006650                bt_enable
 .text.bt_is_ready
                0x000000000000677c       0x18 zephyr/subsys/bluetooth/host/libsubsys__bluetooth__host.a(hci_core.c.obj)
                0x000000000000677c                bt_is_ready
 .text.bt_le_filter_accept_list_add
                0x0000000000006794       0x6c zephyr/subsys/bluetooth/host/libsubsys__bluetooth__host.a(hci_core.c.obj)
                0x0000000000006794                bt_le_filter_accept_list_add
 .text.id_find  0x0000000000006800       0x30 zephyr/subsys/bluetooth/host/libsubsys__bluetooth__host.a(id.c.obj)
 .text.set_random_address
                0x0000000000006830       0x58 zephyr/subsys/bluetooth/host/libsubsys__bluetooth__host.a(id.c.obj)
 .text.id_create.constprop.0
                0x0000000000006888       0x74 zephyr/subsys/bluetooth/host/libsubsys__bluetooth__host.a(id.c.obj)
 .text.bt_id_create
                0x00000000000068fc       0x9c zephyr/subsys/bluetooth/host/libsubsys__bluetooth__host.a(id.c.obj)
                0x00000000000068fc                bt_id_create
 .text.bt_id_read_public_addr
                0x0000000000006998       0x88 zephyr/subsys/bluetooth/host/libsubsys__bluetooth__host.a(id.c.obj)
                0x0000000000006998                bt_id_read_public_addr
 .text.bt_setup_public_id_addr
                0x0000000000006a20       0x20 zephyr/subsys/bluetooth/host/libsubsys__bluetooth__host.a(id.c.obj)
                0x0000000000006a20                bt_setup_public_id_addr
 .text.bt_read_static_addr
                0x0000000000006a40       0x94 zephyr/subsys/bluetooth/host/libsubsys__bluetooth__host.a(id.c.obj)
                0x0000000000006a40                bt_read_static_addr
 .text.bt_setup_random_id_addr
                0x0000000000006ad4       0x60 zephyr/subsys/bluetooth/host/libsubsys__bluetooth__host.a(id.c.obj)
                0x0000000000006ad4                bt_setup_random_id_addr
 .text.bt_id_set_scan_own_addr
                0x0000000000006b34       0x24 zephyr/subsys/bluetooth/host/libsubsys__bluetooth__host.a(id.c.obj)
                0x0000000000006b34                bt_id_set_scan_own_addr
 .text.bt_id_init
                0x0000000000006b58       0x54 zephyr/subsys/bluetooth/host/libsubsys__bluetooth__host.a(id.c.obj)
                0x0000000000006b58                bt_id_init
 .text.bt_le_scan_set_enable_legacy
                0x0000000000006bac       0x68 zephyr/subsys/bluetooth/host/libsubsys__bluetooth__host.a(scan.c.obj)
 .text.bt_scan_reset
                0x0000000000006c14        0xc zephyr/subsys/bluetooth/host/libsubsys__bluetooth__host.a(scan.c.obj)
                0x0000000000006c14                bt_scan_reset
 .text.bt_le_scan_update
                0x0000000000006c20       0x30 zephyr/subsys/bluetooth/host/libsubsys__bluetooth__host.a(scan.c.obj)
                0x0000000000006c20                bt_le_scan_update
 .text.bt_hci_le_adv_report
                0x0000000000006c50      0x198 zephyr/subsys/bluetooth/host/libsubsys__bluetooth__host.a(scan.c.obj)
                0x0000000000006c50                bt_hci_le_adv_report
 .text.bt_le_scan_start
                0x0000000000006de8      0x1c8 zephyr/subsys/bluetooth/host/libsubsys__bluetooth__host.a(scan.c.obj)
                0x0000000000006de8                bt_le_scan_start
 .text.mayfly_init
                0x0000000000006fb0       0x4c zephyr/subsys/bluetooth/controller/libsubsys__bluetooth__controller.a(mayfly.c.obj)
                0x0000000000006fb0                mayfly_init
 .text.mayfly_enqueue
                0x0000000000006ffc       0xa4 zephyr/subsys/bluetooth/controller/libsubsys__bluetooth__controller.a(mayfly.c.obj)
                0x0000000000006ffc                mayfly_enqueue
 .text.mayfly_run
                0x00000000000070a0      0x13c zephyr/subsys/bluetooth/controller/libsubsys__bluetooth__controller.a(mayfly.c.obj)
                0x00000000000070a0                mayfly_run
 .text.ticker_job
                0x00000000000071dc      0x5e0 zephyr/subsys/bluetooth/controller/libsubsys__bluetooth__controller.a(ticker.c.obj)
                0x00000000000071dc                ticker_job
 .text.ticker_init
                0x00000000000077bc       0x64 zephyr/subsys/bluetooth/controller/libsubsys__bluetooth__controller.a(ticker.c.obj)
                0x00000000000077bc                ticker_init
 .text.ticker_trigger
                0x0000000000007820       0x24 zephyr/subsys/bluetooth/controller/libsubsys__bluetooth__controller.a(ticker.c.obj)
                0x0000000000007820                ticker_trigger
 .text.ticker_start_us
                0x0000000000007844       0x94 zephyr/subsys/bluetooth/controller/libsubsys__bluetooth__controller.a(ticker.c.obj)
                0x0000000000007844                ticker_start_us
 .text.ticker_stop
                0x00000000000078d8       0x70 zephyr/subsys/bluetooth/controller/libsubsys__bluetooth__controller.a(ticker.c.obj)
                0x00000000000078d8                ticker_stop
 .text.ll_addr_set
                0x0000000000007948       0x3c zephyr/subsys/bluetooth/controller/libsubsys__bluetooth__controller.a(ll_addr.c.obj)
                0x0000000000007948                ll_addr_set
 .text.ll_addr_get
                0x0000000000007984       0x20 zephyr/subsys/bluetooth/controller/libsubsys__bluetooth__controller.a(ll_addr.c.obj)
                0x0000000000007984                ll_addr_get
 .text.perform_lll_reset
                0x00000000000079a4       0x5c zephyr/subsys/bluetooth/controller/libsubsys__bluetooth__controller.a(ull.c.obj)
 .text.ull_ticker_status_give
                0x0000000000007a00        0xc zephyr/subsys/bluetooth/controller/libsubsys__bluetooth__controller.a(ull.c.obj)
                0x0000000000007a00                ull_ticker_status_give
 .text.ll_rx_get
                0x0000000000007a0c       0x24 zephyr/subsys/bluetooth/controller/libsubsys__bluetooth__controller.a(ull.c.obj)
                0x0000000000007a0c                ll_rx_get
 .text.ll_rx_link_release
                0x0000000000007a30        0xc zephyr/subsys/bluetooth/controller/libsubsys__bluetooth__controller.a(ull.c.obj)
                0x0000000000007a30                ll_rx_link_release
 .text.ll_rx_dequeue
                0x0000000000007a3c       0x80 zephyr/subsys/bluetooth/controller/libsubsys__bluetooth__controller.a(ull.c.obj)
                0x0000000000007a3c                ll_rx_dequeue
 .text.rx_replenish.constprop.0
                0x0000000000007abc       0x74 zephyr/subsys/bluetooth/controller/libsubsys__bluetooth__controller.a(ull.c.obj)
 .text.ll_rx_release
                0x0000000000007b30        0xc zephyr/subsys/bluetooth/controller/libsubsys__bluetooth__controller.a(ull.c.obj)
                0x0000000000007b30                ll_rx_release
 .text.ll_rx_mem_release
                0x0000000000007b3c       0xa4 zephyr/subsys/bluetooth/controller/libsubsys__bluetooth__controller.a(ull.c.obj)
                0x0000000000007b3c                ll_rx_mem_release
 .text.ll_rx_put
                0x0000000000007be0        0xc zephyr/subsys/bluetooth/controller/libsubsys__bluetooth__controller.a(ull.c.obj)
                0x0000000000007be0                ll_rx_put
 .text.ll_rx_sched
                0x0000000000007bec        0xc zephyr/subsys/bluetooth/controller/libsubsys__bluetooth__controller.a(ull.c.obj)
                0x0000000000007bec                ll_rx_sched
 .text.ull_ticker_status_take
                0x0000000000007bf8       0x24 zephyr/subsys/bluetooth/controller/libsubsys__bluetooth__controller.a(ull.c.obj)
                0x0000000000007bf8                ull_ticker_status_take
 .text.ull_disable_mark
                0x0000000000007c1c       0x10 zephyr/subsys/bluetooth/controller/libsubsys__bluetooth__controller.a(ull.c.obj)
                0x0000000000007c1c                ull_disable_mark
 .text.ull_disable_unmark
                0x0000000000007c2c       0x1c zephyr/subsys/bluetooth/controller/libsubsys__bluetooth__controller.a(ull.c.obj)
                0x0000000000007c2c                ull_disable_unmark
 .text.ull_disable
                0x0000000000007c48       0x78 zephyr/subsys/bluetooth/controller/libsubsys__bluetooth__controller.a(ull.c.obj)
                0x0000000000007c48                ull_disable
 .text.ull_ticker_stop_with_mark
                0x0000000000007cc0       0x70 zephyr/subsys/bluetooth/controller/libsubsys__bluetooth__controller.a(ull.c.obj)
                0x0000000000007cc0                ull_ticker_stop_with_mark
 .text.ull_pdu_rx_alloc_peek
                0x0000000000007d30       0x34 zephyr/subsys/bluetooth/controller/libsubsys__bluetooth__controller.a(ull.c.obj)
                0x0000000000007d30                ull_pdu_rx_alloc_peek
 .text.ull_pdu_rx_alloc
                0x0000000000007d64       0x24 zephyr/subsys/bluetooth/controller/libsubsys__bluetooth__controller.a(ull.c.obj)
                0x0000000000007d64                ull_pdu_rx_alloc
 .text.ull_rx_put
                0x0000000000007d88        0xc zephyr/subsys/bluetooth/controller/libsubsys__bluetooth__controller.a(ull.c.obj)
                0x0000000000007d88                ull_rx_put
 .text.ull_rx_sched
                0x0000000000007d94       0x10 zephyr/subsys/bluetooth/controller/libsubsys__bluetooth__controller.a(ull.c.obj)
                0x0000000000007d94                ull_rx_sched
 .text.ull_prepare_enqueue
                0x0000000000007da4       0x68 zephyr/subsys/bluetooth/controller/libsubsys__bluetooth__controller.a(ull.c.obj)
                0x0000000000007da4                ull_prepare_enqueue
 .text.ull_prepare_dequeue_get
                0x0000000000007e0c       0x1c zephyr/subsys/bluetooth/controller/libsubsys__bluetooth__controller.a(ull.c.obj)
                0x0000000000007e0c                ull_prepare_dequeue_get
 .text.ull_prepare_dequeue_iter
                0x0000000000007e28       0x38 zephyr/subsys/bluetooth/controller/libsubsys__bluetooth__controller.a(ull.c.obj)
                0x0000000000007e28                ull_prepare_dequeue_iter
 .text.ull_prepare_dequeue
                0x0000000000007e60       0xdc zephyr/subsys/bluetooth/controller/libsubsys__bluetooth__controller.a(ull.c.obj)
                0x0000000000007e60                ull_prepare_dequeue
 .text.ull_event_done
                0x0000000000007f3c       0x40 zephyr/subsys/bluetooth/controller/libsubsys__bluetooth__controller.a(ull.c.obj)
                0x0000000000007f3c                ull_event_done
 .text.init_reset
                0x0000000000007f7c       0xf0 zephyr/subsys/bluetooth/controller/libsubsys__bluetooth__controller.a(ull.c.obj)
 .text.ll_init  0x000000000000806c       0xcc zephyr/subsys/bluetooth/controller/libsubsys__bluetooth__controller.a(ull.c.obj)
                0x000000000000806c                ll_init
 .text.ll_reset
                0x0000000000008138       0xc4 zephyr/subsys/bluetooth/controller/libsubsys__bluetooth__controller.a(ull.c.obj)
                0x0000000000008138                ll_reset
 .text.rx_demux
                0x00000000000081fc      0x148 zephyr/subsys/bluetooth/controller/libsubsys__bluetooth__controller.a(ull.c.obj)
 .text.lll_resume
                0x0000000000008344       0x4c zephyr/subsys/bluetooth/controller/libsubsys__bluetooth__controller.a(lll_common.c.obj)
                0x0000000000008344                lll_resume
 .text.hci_driver_init
                0x0000000000008390       0x10 zephyr/subsys/bluetooth/controller/libsubsys__bluetooth__controller.a(hci_driver.c.obj)
 .text.recv_thread
                0x00000000000083a0       0xbc zephyr/subsys/bluetooth/controller/libsubsys__bluetooth__controller.a(hci_driver.c.obj)
 .text.prio_recv_thread
                0x000000000000845c       0x4c zephyr/subsys/bluetooth/controller/libsubsys__bluetooth__controller.a(hci_driver.c.obj)
 .text.hci_driver_send
                0x00000000000084a8       0x74 zephyr/subsys/bluetooth/controller/libsubsys__bluetooth__controller.a(hci_driver.c.obj)
 .text.hci_driver_close
                0x000000000000851c       0x20 zephyr/subsys/bluetooth/controller/libsubsys__bluetooth__controller.a(hci_driver.c.obj)
 .text.hci_driver_open.part.0
                0x000000000000853c       0x8c zephyr/subsys/bluetooth/controller/libsubsys__bluetooth__controller.a(hci_driver.c.obj)
 .text.hci_driver_open
                0x00000000000085c8       0x48 zephyr/subsys/bluetooth/controller/libsubsys__bluetooth__controller.a(hci_driver.c.obj)
 .text.hci_recv_fifo_reset
                0x0000000000008610       0x20 zephyr/subsys/bluetooth/controller/libsubsys__bluetooth__controller.a(hci_driver.c.obj)
                0x0000000000008610                hci_recv_fifo_reset
 .text.cmd_complete_status
                0x0000000000008630       0x24 zephyr/subsys/bluetooth/controller/libsubsys__bluetooth__controller.a(hci.c.obj)
 .text.dup_found.constprop.0
                0x0000000000008654       0xb0 zephyr/subsys/bluetooth/controller/libsubsys__bluetooth__controller.a(hci.c.obj)
 .text.hci_cmd_complete
                0x0000000000008704       0x20 zephyr/subsys/bluetooth/controller/libsubsys__bluetooth__controller.a(hci.c.obj)
                0x0000000000008704                hci_cmd_complete
 .text.hci_vendor_cmd_handle_common
                0x0000000000008724      0x120 zephyr/subsys/bluetooth/controller/libsubsys__bluetooth__controller.a(hci.c.obj)
                0x0000000000008724                hci_vendor_cmd_handle_common
 .text.hci_cmd_handle
                0x0000000000008844      0x398 zephyr/subsys/bluetooth/controller/libsubsys__bluetooth__controller.a(hci.c.obj)
                0x0000000000008844                hci_cmd_handle
 .text.hci_evt_encode
                0x0000000000008bdc      0x17c zephyr/subsys/bluetooth/controller/libsubsys__bluetooth__controller.a(hci.c.obj)
                0x0000000000008bdc                hci_evt_encode
 .text.hci_init
                0x0000000000008d58       0x30 zephyr/subsys/bluetooth/controller/libsubsys__bluetooth__controller.a(hci.c.obj)
                0x0000000000008d58                hci_init
 .text.ticker_cb
                0x0000000000008d88       0x88 zephyr/subsys/bluetooth/controller/libsubsys__bluetooth__controller.a(ull_scan.c.obj)
 .text.ull_scan_disable
                0x0000000000008e10       0x40 zephyr/subsys/bluetooth/controller/libsubsys__bluetooth__controller.a(ull_scan.c.obj)
                0x0000000000008e10                ull_scan_disable
 .text.ull_scan_lll_handle_get
                0x0000000000008e50       0x14 zephyr/subsys/bluetooth/controller/libsubsys__bluetooth__controller.a(ull_scan.c.obj)
                0x0000000000008e50                ull_scan_lll_handle_get
 .text.ull_scan_is_enabled_get
                0x0000000000008e64       0x1c zephyr/subsys/bluetooth/controller/libsubsys__bluetooth__controller.a(ull_scan.c.obj)
                0x0000000000008e64                ull_scan_is_enabled_get
 .text.ull_scan_is_disabled_get
                0x0000000000008e80       0x18 zephyr/subsys/bluetooth/controller/libsubsys__bluetooth__controller.a(ull_scan.c.obj)
                0x0000000000008e80                ull_scan_is_disabled_get
 .text.ll_fal_clear
                0x0000000000008e98       0x1c zephyr/subsys/bluetooth/controller/libsubsys__bluetooth__controller.a(ull_filter.c.obj)
                0x0000000000008e98                ll_fal_clear
 .text.ll_fal_add
                0x0000000000008eb4       0x6c zephyr/subsys/bluetooth/controller/libsubsys__bluetooth__controller.a(ull_filter.c.obj)
                0x0000000000008eb4                ll_fal_add
 .text.ll_fal_remove
                0x0000000000008f20       0x50 zephyr/subsys/bluetooth/controller/libsubsys__bluetooth__controller.a(ull_filter.c.obj)
                0x0000000000008f20                ll_fal_remove
 .text.ull_filter_reset
                0x0000000000008f70       0x10 zephyr/subsys/bluetooth/controller/libsubsys__bluetooth__controller.a(ull_filter.c.obj)
                0x0000000000008f70                ull_filter_reset
 .text.ull_filter_lll_get
                0x0000000000008f80       0x34 zephyr/subsys/bluetooth/controller/libsubsys__bluetooth__controller.a(ull_filter.c.obj)
                0x0000000000008f80                ull_filter_lll_get
 .text.rtc0_nrf5_isr
                0x0000000000008fb4       0x2c zephyr/subsys/bluetooth/controller/ll_sw/nordic/libsubsys__bluetooth__controller__ll_sw__nordic.a(lll.c.obj)
 .text.ticker_start_op_cb
                0x0000000000008fe0       0x9c zephyr/subsys/bluetooth/controller/ll_sw/nordic/libsubsys__bluetooth__controller__ll_sw__nordic.a(lll.c.obj)
 .text.ticker_stop_op_cb
                0x000000000000907c       0x54 zephyr/subsys/bluetooth/controller/ll_sw/nordic/libsubsys__bluetooth__controller__ll_sw__nordic.a(lll.c.obj)
 .text.preempt_ticker_cb
                0x00000000000090d0       0x78 zephyr/subsys/bluetooth/controller/ll_sw/nordic/libsubsys__bluetooth__controller__ll_sw__nordic.a(lll.c.obj)
 .text.preempt_ticker_start
                0x0000000000009148      0x17c zephyr/subsys/bluetooth/controller/ll_sw/nordic/libsubsys__bluetooth__controller__ll_sw__nordic.a(lll.c.obj)
 .text.preempt  0x00000000000092c4      0x180 zephyr/subsys/bluetooth/controller/ll_sw/nordic/libsubsys__bluetooth__controller__ll_sw__nordic.a(lll.c.obj)
 .text.lll_init
                0x0000000000009444       0x60 zephyr/subsys/bluetooth/controller/ll_sw/nordic/libsubsys__bluetooth__controller__ll_sw__nordic.a(lll.c.obj)
                0x0000000000009444                lll_init
 .text.lll_csrand_get
                0x00000000000094a4       0x18 zephyr/subsys/bluetooth/controller/ll_sw/nordic/libsubsys__bluetooth__controller__ll_sw__nordic.a(lll.c.obj)
                0x00000000000094a4                lll_csrand_get
 .text.lll_disable
                0x00000000000094bc       0x80 zephyr/subsys/bluetooth/controller/ll_sw/nordic/libsubsys__bluetooth__controller__ll_sw__nordic.a(lll.c.obj)
                0x00000000000094bc                lll_disable
 .text.lll_done
                0x000000000000953c       0x98 zephyr/subsys/bluetooth/controller/ll_sw/nordic/libsubsys__bluetooth__controller__ll_sw__nordic.a(lll.c.obj)
                0x000000000000953c                lll_done
 .text.lll_is_done
                0x00000000000095d4       0x1c zephyr/subsys/bluetooth/controller/ll_sw/nordic/libsubsys__bluetooth__controller__ll_sw__nordic.a(lll.c.obj)
                0x00000000000095d4                lll_is_done
 .text.lll_chan_set
                0x00000000000095f0       0x64 zephyr/subsys/bluetooth/controller/ll_sw/nordic/libsubsys__bluetooth__controller__ll_sw__nordic.a(lll.c.obj)
                0x00000000000095f0                lll_chan_set
 .text.lll_isr_cleanup
                0x0000000000009654       0x58 zephyr/subsys/bluetooth/controller/ll_sw/nordic/libsubsys__bluetooth__controller__ll_sw__nordic.a(lll.c.obj)
                0x0000000000009654                lll_isr_cleanup
 .text.lll_prepare_resolve
                0x00000000000096ac      0x11c zephyr/subsys/bluetooth/controller/ll_sw/nordic/libsubsys__bluetooth__controller__ll_sw__nordic.a(lll.c.obj)
                0x00000000000096ac                lll_prepare_resolve
 .text.lll_clock_init
                0x00000000000097c8       0x20 zephyr/subsys/bluetooth/controller/ll_sw/nordic/libsubsys__bluetooth__controller__ll_sw__nordic.a(lll_clock.c.obj)
                0x00000000000097c8                lll_clock_init
 .text.lll_hfclock_on
                0x00000000000097e8       0x2c zephyr/subsys/bluetooth/controller/ll_sw/nordic/libsubsys__bluetooth__controller__ll_sw__nordic.a(lll_clock.c.obj)
                0x00000000000097e8                lll_hfclock_on
 .text.lll_hfclock_off
                0x0000000000009814       0x38 zephyr/subsys/bluetooth/controller/ll_sw/nordic/libsubsys__bluetooth__controller__ll_sw__nordic.a(lll_clock.c.obj)
                0x0000000000009814                lll_hfclock_off
 .text.isr_common_done
                0x000000000000984c       0x78 zephyr/subsys/bluetooth/controller/ll_sw/nordic/libsubsys__bluetooth__controller__ll_sw__nordic.a(lll_scan.c.obj)
 .text.isr_tx   0x00000000000098c4       0xa0 zephyr/subsys/bluetooth/controller/ll_sw/nordic/libsubsys__bluetooth__controller__ll_sw__nordic.a(lll_scan.c.obj)
 .text.ticker_op_start_cb
                0x0000000000009964       0x2c zephyr/subsys/bluetooth/controller/ll_sw/nordic/libsubsys__bluetooth__controller__ll_sw__nordic.a(lll_scan.c.obj)
 .text.is_abort_cb
                0x0000000000009990       0x60 zephyr/subsys/bluetooth/controller/ll_sw/nordic/libsubsys__bluetooth__controller__ll_sw__nordic.a(lll_scan.c.obj)
 .text.ticker_stop_cb
                0x00000000000099f0       0x40 zephyr/subsys/bluetooth/controller/ll_sw/nordic/libsubsys__bluetooth__controller__ll_sw__nordic.a(lll_scan.c.obj)
 .text.abort_cb
                0x0000000000009a30       0x50 zephyr/subsys/bluetooth/controller/ll_sw/nordic/libsubsys__bluetooth__controller__ll_sw__nordic.a(lll_scan.c.obj)
 .text.isr_rx   0x0000000000009a80      0x26c zephyr/subsys/bluetooth/controller/ll_sw/nordic/libsubsys__bluetooth__controller__ll_sw__nordic.a(lll_scan.c.obj)
 .text.lll_scan_prepare
                0x0000000000009cec       0x70 zephyr/subsys/bluetooth/controller/ll_sw/nordic/libsubsys__bluetooth__controller__ll_sw__nordic.a(lll_scan.c.obj)
                0x0000000000009cec                lll_scan_prepare
 .text.cntr_init
                0x0000000000009d5c       0x1c zephyr/subsys/bluetooth/controller/ll_sw/nordic/libsubsys__bluetooth__controller__ll_sw__nordic.a(cntr.c.obj)
                0x0000000000009d5c                cntr_init
 .text.cntr_start
                0x0000000000009d78       0x1c zephyr/subsys/bluetooth/controller/ll_sw/nordic/libsubsys__bluetooth__controller__ll_sw__nordic.a(cntr.c.obj)
                0x0000000000009d78                cntr_start
 .text.cntr_stop
                0x0000000000009d94       0x48 zephyr/subsys/bluetooth/controller/ll_sw/nordic/libsubsys__bluetooth__controller__ll_sw__nordic.a(cntr.c.obj)
                0x0000000000009d94                cntr_stop
 .text.cntr_cnt_get
                0x0000000000009ddc        0xc zephyr/subsys/bluetooth/controller/ll_sw/nordic/libsubsys__bluetooth__controller__ll_sw__nordic.a(cntr.c.obj)
                0x0000000000009ddc                cntr_cnt_get
 .text.cntr_cmp_set
                0x0000000000009de8       0x10 zephyr/subsys/bluetooth/controller/ll_sw/nordic/libsubsys__bluetooth__controller__ll_sw__nordic.a(cntr.c.obj)
                0x0000000000009de8                cntr_cmp_set
 .text.do_ecb   0x0000000000009df8       0x48 zephyr/subsys/bluetooth/controller/ll_sw/nordic/libsubsys__bluetooth__controller__ll_sw__nordic.a(ecb.c.obj)
 .text.isr_radio
                0x0000000000009e40       0x20 zephyr/subsys/bluetooth/controller/ll_sw/nordic/libsubsys__bluetooth__controller__ll_sw__nordic.a(radio.c.obj)
                0x0000000000009e40                isr_radio
 .text.radio_isr_set
                0x0000000000009e60       0x40 zephyr/subsys/bluetooth/controller/ll_sw/nordic/libsubsys__bluetooth__controller__ll_sw__nordic.a(radio.c.obj)
                0x0000000000009e60                radio_isr_set
 .text.radio_reset
                0x0000000000009ea0       0x2c zephyr/subsys/bluetooth/controller/ll_sw/nordic/libsubsys__bluetooth__controller__ll_sw__nordic.a(radio.c.obj)
                0x0000000000009ea0                radio_reset
 .text.radio_phy_set
                0x0000000000009ecc       0x1c zephyr/subsys/bluetooth/controller/ll_sw/nordic/libsubsys__bluetooth__controller__ll_sw__nordic.a(radio.c.obj)
                0x0000000000009ecc                radio_phy_set
 .text.radio_tx_power_set
                0x0000000000009ee8        0xc zephyr/subsys/bluetooth/controller/ll_sw/nordic/libsubsys__bluetooth__controller__ll_sw__nordic.a(radio.c.obj)
                0x0000000000009ee8                radio_tx_power_set
 .text.radio_freq_chan_set
                0x0000000000009ef4        0xc zephyr/subsys/bluetooth/controller/ll_sw/nordic/libsubsys__bluetooth__controller__ll_sw__nordic.a(radio.c.obj)
                0x0000000000009ef4                radio_freq_chan_set
 .text.radio_whiten_iv_set
                0x0000000000009f00       0x24 zephyr/subsys/bluetooth/controller/ll_sw/nordic/libsubsys__bluetooth__controller__ll_sw__nordic.a(radio.c.obj)
                0x0000000000009f00                radio_whiten_iv_set
 .text.radio_aa_set
                0x0000000000009f24       0x30 zephyr/subsys/bluetooth/controller/ll_sw/nordic/libsubsys__bluetooth__controller__ll_sw__nordic.a(radio.c.obj)
                0x0000000000009f24                radio_aa_set
 .text.radio_pkt_configure
                0x0000000000009f54       0x54 zephyr/subsys/bluetooth/controller/ll_sw/nordic/libsubsys__bluetooth__controller__ll_sw__nordic.a(radio.c.obj)
                0x0000000000009f54                radio_pkt_configure
 .text.radio_pkt_rx_set
                0x0000000000009fa8        0xc zephyr/subsys/bluetooth/controller/ll_sw/nordic/libsubsys__bluetooth__controller__ll_sw__nordic.a(radio.c.obj)
                0x0000000000009fa8                radio_pkt_rx_set
 .text.radio_pkt_tx_set
                0x0000000000009fb4        0xc zephyr/subsys/bluetooth/controller/ll_sw/nordic/libsubsys__bluetooth__controller__ll_sw__nordic.a(radio.c.obj)
                0x0000000000009fb4                radio_pkt_tx_set
 .text.radio_rx_enable
                0x0000000000009fc0        0xc zephyr/subsys/bluetooth/controller/ll_sw/nordic/libsubsys__bluetooth__controller__ll_sw__nordic.a(radio.c.obj)
                0x0000000000009fc0                radio_rx_enable
 .text.radio_disable
                0x0000000000009fcc       0x24 zephyr/subsys/bluetooth/controller/ll_sw/nordic/libsubsys__bluetooth__controller__ll_sw__nordic.a(radio.c.obj)
                0x0000000000009fcc                radio_disable
 .text.radio_status_reset
                0x0000000000009ff0       0x24 zephyr/subsys/bluetooth/controller/ll_sw/nordic/libsubsys__bluetooth__controller__ll_sw__nordic.a(radio.c.obj)
                0x0000000000009ff0                radio_status_reset
 .text.radio_is_ready
                0x000000000000a014       0x14 zephyr/subsys/bluetooth/controller/ll_sw/nordic/libsubsys__bluetooth__controller__ll_sw__nordic.a(radio.c.obj)
                0x000000000000a014                radio_is_ready
 .text.radio_is_done
                0x000000000000a028       0x14 zephyr/subsys/bluetooth/controller/ll_sw/nordic/libsubsys__bluetooth__controller__ll_sw__nordic.a(radio.c.obj)
                0x000000000000a028                radio_is_done
 .text.radio_is_idle
                0x000000000000a03c       0x14 zephyr/subsys/bluetooth/controller/ll_sw/nordic/libsubsys__bluetooth__controller__ll_sw__nordic.a(radio.c.obj)
                0x000000000000a03c                radio_is_idle
 .text.radio_crc_configure
                0x000000000000a050       0x18 zephyr/subsys/bluetooth/controller/ll_sw/nordic/libsubsys__bluetooth__controller__ll_sw__nordic.a(radio.c.obj)
                0x000000000000a050                radio_crc_configure
 .text.radio_crc_is_valid
                0x000000000000a068       0x14 zephyr/subsys/bluetooth/controller/ll_sw/nordic/libsubsys__bluetooth__controller__ll_sw__nordic.a(radio.c.obj)
                0x000000000000a068                radio_crc_is_valid
 .text.radio_pkt_scratch_get
                0x000000000000a07c        0x8 zephyr/subsys/bluetooth/controller/ll_sw/nordic/libsubsys__bluetooth__controller__ll_sw__nordic.a(radio.c.obj)
                0x000000000000a07c                radio_pkt_scratch_get
 .text.sw_switch
                0x000000000000a084      0x138 zephyr/subsys/bluetooth/controller/ll_sw/nordic/libsubsys__bluetooth__controller__ll_sw__nordic.a(radio.c.obj)
                0x000000000000a084                sw_switch
 .text.radio_switch_complete_and_rx
                0x000000000000a1bc       0x28 zephyr/subsys/bluetooth/controller/ll_sw/nordic/libsubsys__bluetooth__controller__ll_sw__nordic.a(radio.c.obj)
                0x000000000000a1bc                radio_switch_complete_and_rx
 .text.radio_switch_complete_and_tx
                0x000000000000a1e4       0x28 zephyr/subsys/bluetooth/controller/ll_sw/nordic/libsubsys__bluetooth__controller__ll_sw__nordic.a(radio.c.obj)
                0x000000000000a1e4                radio_switch_complete_and_tx
 .text.radio_switch_complete_and_b2b_tx_disable
                0x000000000000a20c       0x1c zephyr/subsys/bluetooth/controller/ll_sw/nordic/libsubsys__bluetooth__controller__ll_sw__nordic.a(radio.c.obj)
                0x000000000000a20c                radio_switch_complete_and_b2b_tx_disable
 .text.radio_rssi_measure
                0x000000000000a228       0x14 zephyr/subsys/bluetooth/controller/ll_sw/nordic/libsubsys__bluetooth__controller__ll_sw__nordic.a(radio.c.obj)
                0x000000000000a228                radio_rssi_measure
 .text.radio_rssi_get
                0x000000000000a23c        0xc zephyr/subsys/bluetooth/controller/ll_sw/nordic/libsubsys__bluetooth__controller__ll_sw__nordic.a(radio.c.obj)
                0x000000000000a23c                radio_rssi_get
 .text.radio_rssi_status_reset
                0x000000000000a248       0x14 zephyr/subsys/bluetooth/controller/ll_sw/nordic/libsubsys__bluetooth__controller__ll_sw__nordic.a(radio.c.obj)
                0x000000000000a248                radio_rssi_status_reset
 .text.radio_rssi_is_ready
                0x000000000000a25c       0x14 zephyr/subsys/bluetooth/controller/ll_sw/nordic/libsubsys__bluetooth__controller__ll_sw__nordic.a(radio.c.obj)
                0x000000000000a25c                radio_rssi_is_ready
 .text.radio_filter_configure
                0x000000000000a270       0x38 zephyr/subsys/bluetooth/controller/ll_sw/nordic/libsubsys__bluetooth__controller__ll_sw__nordic.a(radio.c.obj)
                0x000000000000a270                radio_filter_configure
 .text.radio_filter_disable
                0x000000000000a2a8       0x14 zephyr/subsys/bluetooth/controller/ll_sw/nordic/libsubsys__bluetooth__controller__ll_sw__nordic.a(radio.c.obj)
                0x000000000000a2a8                radio_filter_disable
 .text.radio_filter_status_reset
                0x000000000000a2bc       0x14 zephyr/subsys/bluetooth/controller/ll_sw/nordic/libsubsys__bluetooth__controller__ll_sw__nordic.a(radio.c.obj)
                0x000000000000a2bc                radio_filter_status_reset
 .text.radio_filter_has_match
                0x000000000000a2d0       0x14 zephyr/subsys/bluetooth/controller/ll_sw/nordic/libsubsys__bluetooth__controller__ll_sw__nordic.a(radio.c.obj)
                0x000000000000a2d0                radio_filter_has_match
 .text.radio_filter_match_get
                0x000000000000a2e4        0xc zephyr/subsys/bluetooth/controller/ll_sw/nordic/libsubsys__bluetooth__controller__ll_sw__nordic.a(radio.c.obj)
                0x000000000000a2e4                radio_filter_match_get
 .text.radio_tmr_status_reset
                0x000000000000a2f0       0x20 zephyr/subsys/bluetooth/controller/ll_sw/nordic/libsubsys__bluetooth__controller__ll_sw__nordic.a(radio.c.obj)
                0x000000000000a2f0                radio_tmr_status_reset
 .text.radio_tmr_tifs_set
                0x000000000000a310       0x18 zephyr/subsys/bluetooth/controller/ll_sw/nordic/libsubsys__bluetooth__controller__ll_sw__nordic.a(radio.c.obj)
                0x000000000000a310                radio_tmr_tifs_set
 .text.radio_tmr_start
                0x000000000000a328       0xf0 zephyr/subsys/bluetooth/controller/ll_sw/nordic/libsubsys__bluetooth__controller__ll_sw__nordic.a(radio.c.obj)
                0x000000000000a328                radio_tmr_start
 .text.radio_tmr_start_us
                0x000000000000a418       0x4c zephyr/subsys/bluetooth/controller/ll_sw/nordic/libsubsys__bluetooth__controller__ll_sw__nordic.a(radio.c.obj)
                0x000000000000a418                radio_tmr_start_us
 .text.radio_tmr_start_now
                0x000000000000a464       0x14 zephyr/subsys/bluetooth/controller/ll_sw/nordic/libsubsys__bluetooth__controller__ll_sw__nordic.a(radio.c.obj)
                0x000000000000a464                radio_tmr_start_now
 .text.radio_tmr_stop
                0x000000000000a478       0x18 zephyr/subsys/bluetooth/controller/ll_sw/nordic/libsubsys__bluetooth__controller__ll_sw__nordic.a(radio.c.obj)
                0x000000000000a478                radio_tmr_stop
 .text.radio_tmr_hcto_configure
                0x000000000000a490       0x18 zephyr/subsys/bluetooth/controller/ll_sw/nordic/libsubsys__bluetooth__controller__ll_sw__nordic.a(radio.c.obj)
                0x000000000000a490                radio_tmr_hcto_configure
 .text.radio_tmr_end_capture
                0x000000000000a4a8       0x10 zephyr/subsys/bluetooth/controller/ll_sw/nordic/libsubsys__bluetooth__controller__ll_sw__nordic.a(radio.c.obj)
                0x000000000000a4a8                radio_tmr_end_capture
 .text.radio_tmr_tifs_base_get
                0x000000000000a4b8        0xc zephyr/subsys/bluetooth/controller/ll_sw/nordic/libsubsys__bluetooth__controller__ll_sw__nordic.a(radio.c.obj)
                0x000000000000a4b8                radio_tmr_tifs_base_get
 .text.mayfly_enable_cb
                0x000000000000a4c4       0x44 zephyr/subsys/bluetooth/controller/ll_sw/nordic/libsubsys__bluetooth__controller__ll_sw__nordic.a(mayfly.c.obj)
                0x000000000000a4c4                mayfly_enable_cb
 .text.mayfly_is_enabled
                0x000000000000a508       0x40 zephyr/subsys/bluetooth/controller/ll_sw/nordic/libsubsys__bluetooth__controller__ll_sw__nordic.a(mayfly.c.obj)
                0x000000000000a508                mayfly_is_enabled
 .text.mayfly_pend
                0x000000000000a548       0x4c zephyr/subsys/bluetooth/controller/ll_sw/nordic/libsubsys__bluetooth__controller__ll_sw__nordic.a(mayfly.c.obj)
                0x000000000000a548                mayfly_pend
 .text.hal_ticker_instance0_caller_id_get
                0x000000000000a594       0x58 zephyr/subsys/bluetooth/controller/ll_sw/nordic/libsubsys__bluetooth__controller__ll_sw__nordic.a(ticker.c.obj)
                0x000000000000a594                hal_ticker_instance0_caller_id_get
 .text.hal_ticker_instance0_sched
                0x000000000000a5ec       0xc0 zephyr/subsys/bluetooth/controller/ll_sw/nordic/libsubsys__bluetooth__controller__ll_sw__nordic.a(ticker.c.obj)
                0x000000000000a5ec                hal_ticker_instance0_sched
 .text.net_buf_destroy
                0x000000000000a6ac       0x38 zephyr/subsys/net/libsubsys__net.a(buf.c.obj)
 .text.net_buf_id
                0x000000000000a6e4       0x20 zephyr/subsys/net/libsubsys__net.a(buf.c.obj)
                0x000000000000a6e4                net_buf_id
 .text.fixed_data_alloc
                0x000000000000a704       0x24 zephyr/subsys/net/libsubsys__net.a(buf.c.obj)
 .text.net_buf_alloc_len
                0x000000000000a728       0xf4 zephyr/subsys/net/libsubsys__net.a(buf.c.obj)
                0x000000000000a728                net_buf_alloc_len
 .text.net_buf_unref
                0x000000000000a81c       0x38 zephyr/subsys/net/libsubsys__net.a(buf.c.obj)
                0x000000000000a81c                net_buf_unref
 .text.timing_init
                0x000000000000a854       0x18 zephyr/subsys/timing/libsubsys__timing.a(timing.c.obj)
                0x000000000000a854                timing_init
 .text.timing_start
                0x000000000000a86c       0x24 zephyr/subsys/timing/libsubsys__timing.a(timing.c.obj)
                0x000000000000a86c                timing_start
 .text.onoff_stop
                0x000000000000a890       0x30 zephyr/drivers/clock_control/libdrivers__clock_control.a(clock_control_nrf.c.obj)
 .text.onoff_start
                0x000000000000a8c0       0x44 zephyr/drivers/clock_control/libdrivers__clock_control.a(clock_control_nrf.c.obj)
 .text.clk_init
                0x000000000000a904       0x58 zephyr/drivers/clock_control/libdrivers__clock_control.a(clock_control_nrf.c.obj)
 .text.clkstarted_handle.constprop.0
                0x000000000000a95c       0x34 zephyr/drivers/clock_control/libdrivers__clock_control.a(clock_control_nrf.c.obj)
 .text.clock_event_handler
                0x000000000000a990       0x1c zephyr/drivers/clock_control/libdrivers__clock_control.a(clock_control_nrf.c.obj)
 .text.generic_hfclk_start
                0x000000000000a9ac       0x64 zephyr/drivers/clock_control/libdrivers__clock_control.a(clock_control_nrf.c.obj)
 .text.api_blocking_start
                0x000000000000aa10       0x3c zephyr/drivers/clock_control/libdrivers__clock_control.a(clock_control_nrf.c.obj)
 .text.generic_hfclk_stop
                0x000000000000aa4c       0x34 zephyr/drivers/clock_control/libdrivers__clock_control.a(clock_control_nrf.c.obj)
 .text.z_nrf_clock_control_get_onoff
                0x000000000000aa80       0x10 zephyr/drivers/clock_control/libdrivers__clock_control.a(clock_control_nrf.c.obj)
                0x000000000000aa80                z_nrf_clock_control_get_onoff
 .text.z_nrf_clock_bt_ctlr_hf_request
                0x000000000000aa90       0x2c zephyr/drivers/clock_control/libdrivers__clock_control.a(clock_control_nrf.c.obj)
                0x000000000000aa90                z_nrf_clock_bt_ctlr_hf_request
 .text.z_nrf_clock_bt_ctlr_hf_release
                0x000000000000aabc       0x34 zephyr/drivers/clock_control/libdrivers__clock_control.a(clock_control_nrf.c.obj)
                0x000000000000aabc                z_nrf_clock_bt_ctlr_hf_release
 .text.z_nrf_clock_control_lf_on
                0x000000000000aaf0       0xfc zephyr/drivers/clock_control/libdrivers__clock_control.a(clock_control_nrf.c.obj)
                0x000000000000aaf0                z_nrf_clock_control_lf_on
 .text.uart_console_init
                0x000000000000abec       0x28 zephyr/drivers/console/libdrivers__console.a(uart_console.c.obj)
 .text.console_out
                0x000000000000ac14       0x28 zephyr/drivers/console/libdrivers__console.a(uart_console.c.obj)
 .text.random_byte_get
                0x000000000000ac3c       0x3c zephyr/drivers/entropy/libdrivers__entropy.a(entropy_nrf5.c.obj)
 .text.rng_pool_get
                0x000000000000ac78       0x8c zephyr/drivers/entropy/libdrivers__entropy.a(entropy_nrf5.c.obj)
 .text.entropy_nrf5_get_entropy_isr
                0x000000000000ad04       0xac zephyr/drivers/entropy/libdrivers__entropy.a(entropy_nrf5.c.obj)
 .text.entropy_nrf5_get_entropy
                0x000000000000adb0       0x58 zephyr/drivers/entropy/libdrivers__entropy.a(entropy_nrf5.c.obj)
 .text.entropy_nrf5_init
                0x000000000000ae08       0x70 zephyr/drivers/entropy/libdrivers__entropy.a(entropy_nrf5.c.obj)
 .text.isr      0x000000000000ae78       0x74 zephyr/drivers/entropy/libdrivers__entropy.a(entropy_nrf5.c.obj)
 .text.gpio_nrfx_pin_interrupt_configure
                0x000000000000aeec      0x100 zephyr/drivers/gpio/libdrivers__gpio.a(gpio_nrfx.c.obj)
 .text.gpio_nrfx_init
                0x000000000000afec       0x48 zephyr/drivers/gpio/libdrivers__gpio.a(gpio_nrfx.c.obj)
 .text.nrfx_gpio_handler
                0x000000000000b034       0x4c zephyr/drivers/gpio/libdrivers__gpio.a(gpio_nrfx.c.obj)
 .text.gpio_nrfx_pin_configure
                0x000000000000b080      0x18c zephyr/drivers/gpio/libdrivers__gpio.a(gpio_nrfx.c.obj)
 .text.nrf_gpio_pin_port_decode
                0x000000000000b20c       0x20 zephyr/drivers/pinctrl/libdrivers__pinctrl.a(pinctrl_nrf.c.obj)
 .text.pinctrl_configure_pins
                0x000000000000b22c      0x1a8 zephyr/drivers/pinctrl/libdrivers__pinctrl.a(pinctrl_nrf.c.obj)
                0x000000000000b22c                pinctrl_configure_pins
 .text.uarte_instance_init.constprop.0
                0x000000000000b3d4      0x248 zephyr/drivers/serial/libdrivers__serial.a(uart_nrfx_uarte.c.obj)
 .text.uarte_nrfx_poll_out
                0x000000000000b61c       0x98 zephyr/drivers/serial/libdrivers__serial.a(uart_nrfx_uarte.c.obj)
 .text.compare_int_lock
                0x000000000000b6b4       0x48 zephyr/drivers/timer/libdrivers__timer.a(nrf_rtc_timer.c.obj)
 .text.sys_clock_timeout_handler
                0x000000000000b6fc       0x48 zephyr/drivers/timer/libdrivers__timer.a(nrf_rtc_timer.c.obj)
 .text.compare_int_unlock
                0x000000000000b744       0x5c zephyr/drivers/timer/libdrivers__timer.a(nrf_rtc_timer.c.obj)
 .text.z_nrf_rtc_timer_read
                0x000000000000b7a0       0x44 zephyr/drivers/timer/libdrivers__timer.a(nrf_rtc_timer.c.obj)
                0x000000000000b7a0                z_nrf_rtc_timer_read
 .text.compare_set
                0x000000000000b7e4      0x130 zephyr/drivers/timer/libdrivers__timer.a(nrf_rtc_timer.c.obj)
 .text.sys_clock_driver_init
                0x000000000000b914       0x90 zephyr/drivers/timer/libdrivers__timer.a(nrf_rtc_timer.c.obj)
 .text.rtc_nrf_isr
                0x000000000000b9a4       0xd4 zephyr/drivers/timer/libdrivers__timer.a(nrf_rtc_timer.c.obj)
                0x000000000000b9a4                rtc_nrf_isr
 .text.sys_clock_set_timeout
                0x000000000000ba78       0x5c zephyr/drivers/timer/libdrivers__timer.a(nrf_rtc_timer.c.obj)
                0x000000000000ba78                sys_clock_set_timeout
 .text.sys_clock_elapsed
                0x000000000000bad4       0x14 zephyr/drivers/timer/libdrivers__timer.a(nrf_rtc_timer.c.obj)
                0x000000000000bad4                sys_clock_elapsed
 .text.nrf52_errata_98
                0x000000000000bae8       0x24 modules/hal_nordic/nrfx/libmodules__hal_nordic__nrfx.a(system_nrf52840.c.obj)
 .text.nvmc_wait
                0x000000000000bb0c       0x10 modules/hal_nordic/nrfx/libmodules__hal_nordic__nrfx.a(system_nrf52840.c.obj)
                0x000000000000bb0c                nvmc_wait
 .text.SystemInit
                0x000000000000bb1c      0x1bc modules/hal_nordic/nrfx/libmodules__hal_nordic__nrfx.a(system_nrf52840.c.obj)
                0x000000000000bb1c                SystemInit
 .text.nrfx_flag32_alloc
                0x000000000000bcd8       0x48 modules/hal_nordic/nrfx/libmodules__hal_nordic__nrfx.a(nrfx_flag32_allocator.c.obj)
                0x000000000000bcd8                nrfx_flag32_alloc
 .text.nrfx_flag32_free
                0x000000000000bd20       0x40 modules/hal_nordic/nrfx/libmodules__hal_nordic__nrfx.a(nrfx_flag32_allocator.c.obj)
                0x000000000000bd20                nrfx_flag32_free
 .text.nrfx_gppi_channels_enable
                0x000000000000bd60        0xc modules/hal_nordic/nrfx/libmodules__hal_nordic__nrfx.a(nrfx_gppi_ppi.c.obj)
                0x000000000000bd60                nrfx_gppi_channels_enable
 .text.clock_stop
                0x000000000000bd6c       0xc4 modules/hal_nordic/nrfx/libmodules__hal_nordic__nrfx.a(nrfx_clock.c.obj)
 .text.nrfx_clock_init
                0x000000000000be30       0x20 modules/hal_nordic/nrfx/libmodules__hal_nordic__nrfx.a(nrfx_clock.c.obj)
                0x000000000000be30                nrfx_clock_init
 .text.nrfx_clock_enable
                0x000000000000be50       0x24 modules/hal_nordic/nrfx/libmodules__hal_nordic__nrfx.a(nrfx_clock.c.obj)
                0x000000000000be50                nrfx_clock_enable
 .text.nrfx_clock_start
                0x000000000000be74       0xa8 modules/hal_nordic/nrfx/libmodules__hal_nordic__nrfx.a(nrfx_clock.c.obj)
                0x000000000000be74                nrfx_clock_start
 .text.nrfx_power_clock_irq_handler
                0x000000000000bf1c       0x68 modules/hal_nordic/nrfx/libmodules__hal_nordic__nrfx.a(nrfx_clock.c.obj)
                0x000000000000bf1c                nrfx_power_clock_irq_handler
 .text.nrf_gpio_pin_port_decode
                0x000000000000bf84       0x20 modules/hal_nordic/nrfx/libmodules__hal_nordic__nrfx.a(nrfx_gpiote.c.obj)
 .text.get_pin_idx
                0x000000000000bfa4       0x14 modules/hal_nordic/nrfx/libmodules__hal_nordic__nrfx.a(nrfx_gpiote.c.obj)
 .text.call_handler.constprop.0
                0x000000000000bfb8       0x40 modules/hal_nordic/nrfx/libmodules__hal_nordic__nrfx.a(nrfx_gpiote.c.obj)
 .text.pin_te_get.constprop.0
                0x000000000000bff8       0x18 modules/hal_nordic/nrfx/libmodules__hal_nordic__nrfx.a(nrfx_gpiote.c.obj)
 .text.pin_is_output.constprop.0
                0x000000000000c010       0x18 modules/hal_nordic/nrfx/libmodules__hal_nordic__nrfx.a(nrfx_gpiote.c.obj)
 .text.pin_in_use_by_te.constprop.0
                0x000000000000c028       0x18 modules/hal_nordic/nrfx/libmodules__hal_nordic__nrfx.a(nrfx_gpiote.c.obj)
 .text.latch_pending_read_and_check
                0x000000000000c040       0x40 modules/hal_nordic/nrfx/libmodules__hal_nordic__nrfx.a(nrfx_gpiote.c.obj)
 .text.release_handler.isra.0
                0x000000000000c080       0x58 modules/hal_nordic/nrfx/libmodules__hal_nordic__nrfx.a(nrfx_gpiote.c.obj)
 .text.__nrfy_internal_gpiote_events_process.constprop.0
                0x000000000000c0d8       0x5c modules/hal_nordic/nrfx/libmodules__hal_nordic__nrfx.a(nrfx_gpiote.c.obj)
 .text.pin_uninit
                0x000000000000c134       0x80 modules/hal_nordic/nrfx/libmodules__hal_nordic__nrfx.a(nrfx_gpiote.c.obj)
 .text.nrfx_gpiote_input_configure
                0x000000000000c1b4      0x174 modules/hal_nordic/nrfx/libmodules__hal_nordic__nrfx.a(nrfx_gpiote.c.obj)
                0x000000000000c1b4                nrfx_gpiote_input_configure
 .text.nrfx_gpiote_output_configure
                0x000000000000c328       0xfc modules/hal_nordic/nrfx/libmodules__hal_nordic__nrfx.a(nrfx_gpiote.c.obj)
                0x000000000000c328                nrfx_gpiote_output_configure
 .text.nrfx_gpiote_global_callback_set
                0x000000000000c424        0xc modules/hal_nordic/nrfx/libmodules__hal_nordic__nrfx.a(nrfx_gpiote.c.obj)
                0x000000000000c424                nrfx_gpiote_global_callback_set
 .text.nrfx_gpiote_channel_get
                0x000000000000c430       0x34 modules/hal_nordic/nrfx/libmodules__hal_nordic__nrfx.a(nrfx_gpiote.c.obj)
                0x000000000000c430                nrfx_gpiote_channel_get
 .text.nrfx_gpiote_init
                0x000000000000c464       0x70 modules/hal_nordic/nrfx/libmodules__hal_nordic__nrfx.a(nrfx_gpiote.c.obj)
                0x000000000000c464                nrfx_gpiote_init
 .text.nrfx_gpiote_init_check
                0x000000000000c4d4       0x14 modules/hal_nordic/nrfx/libmodules__hal_nordic__nrfx.a(nrfx_gpiote.c.obj)
                0x000000000000c4d4                nrfx_gpiote_init_check
 .text.nrfx_gpiote_channel_free
                0x000000000000c4e8        0xc modules/hal_nordic/nrfx/libmodules__hal_nordic__nrfx.a(nrfx_gpiote.c.obj)
                0x000000000000c4e8                nrfx_gpiote_channel_free
 .text.nrfx_gpiote_channel_alloc
                0x000000000000c4f4        0xc modules/hal_nordic/nrfx/libmodules__hal_nordic__nrfx.a(nrfx_gpiote.c.obj)
                0x000000000000c4f4                nrfx_gpiote_channel_alloc
 .text.nrfx_gpiote_trigger_enable
                0x000000000000c500       0x9c modules/hal_nordic/nrfx/libmodules__hal_nordic__nrfx.a(nrfx_gpiote.c.obj)
                0x000000000000c500                nrfx_gpiote_trigger_enable
 .text.nrfx_gpiote_0_irq_handler
                0x000000000000c59c      0x1bc modules/hal_nordic/nrfx/libmodules__hal_nordic__nrfx.a(nrfx_gpiote.c.obj)
                0x000000000000c59c                nrfx_gpiote_0_irq_handler
 .text.nrfx_ppi_channel_alloc
                0x000000000000c758        0xc modules/hal_nordic/nrfx/libmodules__hal_nordic__nrfx.a(nrfx_ppi.c.obj)
                0x000000000000c758                nrfx_ppi_channel_alloc
 .text._DoInit  0x000000000000c764       0x60 modules/segger/libmodules__segger.a(SEGGER_RTT.c.obj)
 .text.SEGGER_RTT_WriteSkipNoLock
                0x000000000000c7c4       0x88 modules/segger/libmodules__segger.a(SEGGER_RTT.c.obj)
                0x000000000000c7c4                SEGGER_RTT_WriteSkipNoLock
 .text.SEGGER_RTT_HasDataUp
                0x000000000000c84c       0x14 modules/segger/libmodules__segger.a(SEGGER_RTT.c.obj)
                0x000000000000c84c                SEGGER_RTT_HasDataUp
 .text.zephyr_rtt_mutex_lock
                0x000000000000c860       0x14 modules/segger/libmodules__segger.a(SEGGER_RTT_zephyr.c.obj)
                0x000000000000c860                zephyr_rtt_mutex_lock
 .text.zephyr_rtt_mutex_unlock
                0x000000000000c874        0xc modules/segger/libmodules__segger.a(SEGGER_RTT_zephyr.c.obj)
                0x000000000000c874                zephyr_rtt_mutex_unlock
 .text.z_device_get_all_static
                0x000000000000c880       0x18 zephyr/kernel/libkernel.a(device.c.obj)
                0x000000000000c880                z_device_get_all_static
 .text.k_sys_fatal_error_handler
                0x000000000000c898       0x20 zephyr/kernel/libkernel.a(fatal.c.obj)
                0x000000000000c898                k_sys_fatal_error_handler
 .text.z_fatal_error
                0x000000000000c8b8       0xe8 zephyr/kernel/libkernel.a(fatal.c.obj)
                0x000000000000c8b8                z_fatal_error
 .text.z_sys_init_run_level
                0x000000000000c9a0       0x48 zephyr/kernel/libkernel.a(init.c.obj)
 .text.bg_thread_main
                0x000000000000c9e8       0xc0 zephyr/kernel/libkernel.a(init.c.obj)
 .text.z_bss_zero
                0x000000000000caa8       0x18 zephyr/kernel/libkernel.a(init.c.obj)
                0x000000000000caa8                z_bss_zero
 .text.z_init_cpu
                0x000000000000cac0       0xa8 zephyr/kernel/libkernel.a(init.c.obj)
                0x000000000000cac0                z_init_cpu
 .text.z_cstart
                0x000000000000cb68       0xe8 zephyr/kernel/libkernel.a(init.c.obj)
                0x000000000000cb68                z_cstart
 .text.statics_init
                0x000000000000cc50       0x24 zephyr/kernel/libkernel.a(kheap.c.obj)
 .text.init_mem_slab_obj_core_list
                0x000000000000cc74       0x24 zephyr/kernel/libkernel.a(mem_slab.c.obj)
 .text.z_impl_k_thread_name_set
                0x000000000000cc98       0x20 zephyr/kernel/libkernel.a(thread.c.obj)
                0x000000000000cc98                z_impl_k_thread_name_set
 .text.k_thread_state_str
                0x000000000000ccb8       0x90 zephyr/kernel/libkernel.a(thread.c.obj)
                0x000000000000ccb8                k_thread_state_str
 .text.z_setup_new_thread
                0x000000000000cd48      0x114 zephyr/kernel/libkernel.a(thread.c.obj)
                0x000000000000cd48                z_setup_new_thread
 .text.z_impl_k_thread_create
                0x000000000000ce5c       0x58 zephyr/kernel/libkernel.a(thread.c.obj)
                0x000000000000ce5c                z_impl_k_thread_create
 .text.z_thread_mark_switched_in
                0x000000000000ceb4        0xc zephyr/kernel/libkernel.a(thread.c.obj)
                0x000000000000ceb4                z_thread_mark_switched_in
 .text.sliceable
                0x000000000000cec0       0x3c zephyr/kernel/libkernel.a(sched.c.obj)
 .text.slice_timeout
                0x000000000000cefc       0x20 zephyr/kernel/libkernel.a(sched.c.obj)
 .text.z_reset_time_slice
                0x000000000000cf1c       0x50 zephyr/kernel/libkernel.a(sched.c.obj)
                0x000000000000cf1c                z_reset_time_slice
 .text.update_cache
                0x000000000000cf6c       0x40 zephyr/kernel/libkernel.a(sched.c.obj)
 .text.move_thread_to_end_of_prio_q
                0x000000000000cfac       0x7c zephyr/kernel/libkernel.a(sched.c.obj)
 .text.ready_thread
                0x000000000000d028       0x68 zephyr/kernel/libkernel.a(sched.c.obj)
 .text.z_thread_halt
                0x000000000000d090       0xb4 zephyr/kernel/libkernel.a(sched.c.obj)
 .text.unready_thread
                0x000000000000d144       0x38 zephyr/kernel/libkernel.a(sched.c.obj)
 .text.z_time_slice
                0x000000000000d17c       0x60 zephyr/kernel/libkernel.a(sched.c.obj)
                0x000000000000d17c                z_time_slice
 .text.z_pend_curr
                0x000000000000d1dc       0x5c zephyr/kernel/libkernel.a(sched.c.obj)
                0x000000000000d1dc                z_pend_curr
 .text.z_thread_prio_set
                0x000000000000d238       0x94 zephyr/kernel/libkernel.a(sched.c.obj)
                0x000000000000d238                z_thread_prio_set
 .text.z_reschedule
                0x000000000000d2cc       0x24 zephyr/kernel/libkernel.a(sched.c.obj)
                0x000000000000d2cc                z_reschedule
 .text.z_sched_start
                0x000000000000d2f0       0x3c zephyr/kernel/libkernel.a(sched.c.obj)
                0x000000000000d2f0                z_sched_start
 .text.z_reschedule_irqlock
                0x000000000000d32c       0x28 zephyr/kernel/libkernel.a(sched.c.obj)
                0x000000000000d32c                z_reschedule_irqlock
 .text.k_sched_lock
                0x000000000000d354       0x28 zephyr/kernel/libkernel.a(sched.c.obj)
                0x000000000000d354                k_sched_lock
 .text.k_sched_unlock
                0x000000000000d37c       0x38 zephyr/kernel/libkernel.a(sched.c.obj)
                0x000000000000d37c                k_sched_unlock
 .text.z_sched_init
                0x000000000000d3b4       0x10 zephyr/kernel/libkernel.a(sched.c.obj)
                0x000000000000d3b4                z_sched_init
 .text.z_impl_k_yield
                0x000000000000d3c4       0x80 zephyr/kernel/libkernel.a(sched.c.obj)
                0x000000000000d3c4                z_impl_k_yield
 .text.z_tick_sleep
                0x000000000000d444       0x88 zephyr/kernel/libkernel.a(sched.c.obj)
 .text.z_impl_k_sleep
                0x000000000000d4cc       0x3c zephyr/kernel/libkernel.a(sched.c.obj)
                0x000000000000d4cc                z_impl_k_sleep
 .text.z_impl_k_sched_current_thread_query
                0x000000000000d508        0xc zephyr/kernel/libkernel.a(sched.c.obj)
                0x000000000000d508                z_impl_k_sched_current_thread_query
 .text.z_sched_wait
                0x000000000000d514       0x24 zephyr/kernel/libkernel.a(sched.c.obj)
                0x000000000000d514                z_sched_wait
 .text.z_impl_k_msgq_put
                0x000000000000d538       0xac zephyr/kernel/libkernel.a(msg_q.c.obj)
                0x000000000000d538                z_impl_k_msgq_put
 .text.z_impl_k_msgq_get
                0x000000000000d5e4       0xb4 zephyr/kernel/libkernel.a(msg_q.c.obj)
                0x000000000000d5e4                z_impl_k_msgq_get
 .text.z_impl_k_mutex_lock
                0x000000000000d698       0xf4 zephyr/kernel/libkernel.a(mutex.c.obj)
                0x000000000000d698                z_impl_k_mutex_lock
 .text.z_impl_k_mutex_unlock
                0x000000000000d78c       0x7c zephyr/kernel/libkernel.a(mutex.c.obj)
                0x000000000000d78c                z_impl_k_mutex_unlock
 .text.z_impl_k_queue_get
                0x000000000000d808       0x68 zephyr/kernel/libkernel.a(queue.c.obj)
                0x000000000000d808                z_impl_k_queue_get
 .text.z_impl_k_sem_give
                0x000000000000d870       0x4c zephyr/kernel/libkernel.a(sem.c.obj)
                0x000000000000d870                z_impl_k_sem_give
 .text.z_impl_k_sem_take
                0x000000000000d8bc       0x50 zephyr/kernel/libkernel.a(sem.c.obj)